Analysis & Synthesis report for jugadas
Wed Nov 26 22:57:08 2025
Quartus II 64-Bit Version 13.0.1 Build 232 06/12/2013 Service Pack 1 SJ Web Edition


---------------------
; Table of Contents ;
---------------------
  1. Legal Notice
  2. Analysis & Synthesis Summary
  3. Analysis & Synthesis Settings
  4. Parallel Compilation
  5. Analysis & Synthesis Source Files Read
  6. Analysis & Synthesis Resource Usage Summary
  7. Analysis & Synthesis Resource Utilization by Entity
  8. Analysis & Synthesis IP Cores Summary
  9. General Register Statistics
 10. Parameter Settings for User Entity Instance: jugadas_full:inst|Almace2:inst1|lpm_mux0:inst4|LPM_MUX:LPM_MUX_component
 11. Parameter Settings for User Entity Instance: jugadas_full:inst|Almace2:inst1|lpm_mux0:inst3|LPM_MUX:LPM_MUX_component
 12. Parameter Settings for User Entity Instance: jugadas_full:inst|lpm_decode0:inst|lpm_decode:LPM_DECODE_component
 13. Parameter Settings for User Entity Instance: jugadas_full:inst|Almace2:inst2|lpm_mux0:inst4|LPM_MUX:LPM_MUX_component
 14. Parameter Settings for User Entity Instance: jugadas_full:inst|Almace2:inst2|lpm_mux0:inst3|LPM_MUX:LPM_MUX_component
 15. Parameter Settings for User Entity Instance: jugadas_full:inst|Almace2:inst3|lpm_mux0:inst4|LPM_MUX:LPM_MUX_component
 16. Parameter Settings for User Entity Instance: jugadas_full:inst|Almace2:inst3|lpm_mux0:inst3|LPM_MUX:LPM_MUX_component
 17. Parameter Settings for User Entity Instance: jugadas_full:inst|Almace2:inst4|lpm_mux0:inst4|LPM_MUX:LPM_MUX_component
 18. Parameter Settings for User Entity Instance: jugadas_full:inst|Almace2:inst4|lpm_mux0:inst3|LPM_MUX:LPM_MUX_component
 19. Parameter Settings for User Entity Instance: jugadas_full:inst|Almace2:inst5|lpm_mux0:inst4|LPM_MUX:LPM_MUX_component
 20. Parameter Settings for User Entity Instance: jugadas_full:inst|Almace2:inst5|lpm_mux0:inst3|LPM_MUX:LPM_MUX_component
 21. Parameter Settings for User Entity Instance: jugadas_full:inst|Almace2:inst7|lpm_mux0:inst4|LPM_MUX:LPM_MUX_component
 22. Parameter Settings for User Entity Instance: jugadas_full:inst|Almace2:inst7|lpm_mux0:inst3|LPM_MUX:LPM_MUX_component
 23. Parameter Settings for User Entity Instance: jugadas_full:inst|Almace2:inst8|lpm_mux0:inst4|LPM_MUX:LPM_MUX_component
 24. Parameter Settings for User Entity Instance: jugadas_full:inst|Almace2:inst8|lpm_mux0:inst3|LPM_MUX:LPM_MUX_component
 25. Parameter Settings for User Entity Instance: jugadas_full:inst|Almace2:inst9|lpm_mux0:inst4|LPM_MUX:LPM_MUX_component
 26. Parameter Settings for User Entity Instance: jugadas_full:inst|Almace2:inst9|lpm_mux0:inst3|LPM_MUX:LPM_MUX_component
 27. Parameter Settings for User Entity Instance: jugadas_full:inst|Almace2:inst11|lpm_mux0:inst4|LPM_MUX:LPM_MUX_component
 28. Parameter Settings for User Entity Instance: jugadas_full:inst|Almace2:inst11|lpm_mux0:inst3|LPM_MUX:LPM_MUX_component
 29. Parameter Settings for User Entity Instance: jugadas_full:inst|lpm_counter0:inst10|lpm_counter:LPM_COUNTER_component
 30. Elapsed Time Per Partition
 31. Analysis & Synthesis Messages



----------------
; Legal Notice ;
----------------
Copyright (C) 1991-2013 Altera Corporation
Your use of Altera Corporation's design tools, logic functions 
and other software and tools, and its AMPP partner logic 
functions, and any output files from any of the foregoing 
(including device programming or simulation files), and any 
associated documentation or information are expressly subject 
to the terms and conditions of the Altera Program License 
Subscription Agreement, Altera MegaCore Function License 
Agreement, or other applicable license agreement, including, 
without limitation, that your use is for the sole purpose of 
programming logic devices manufactured by Altera and sold by 
Altera or its authorized distributors.  Please refer to the 
applicable agreement for further details.



+--------------------------------------------------------------------------------------+
; Analysis & Synthesis Summary                                                         ;
+------------------------------------+-------------------------------------------------+
; Analysis & Synthesis Status        ; Successful - Wed Nov 26 22:57:08 2025           ;
; Quartus II 64-Bit Version          ; 13.0.1 Build 232 06/12/2013 SP 1 SJ Web Edition ;
; Revision Name                      ; jugadas                                         ;
; Top-level Entity Name              ; Bloque_final                                    ;
; Family                             ; Cyclone IV E                                    ;
; Total logic elements               ; 76                                              ;
;     Total combinational functions  ; 75                                              ;
;     Dedicated logic registers      ; 30                                              ;
; Total registers                    ; 30                                              ;
; Total pins                         ; 31                                              ;
; Total virtual pins                 ; 0                                               ;
; Total memory bits                  ; 0                                               ;
; Embedded Multiplier 9-bit elements ; 0                                               ;
; Total PLLs                         ; 0                                               ;
+------------------------------------+-------------------------------------------------+


+----------------------------------------------------------------------------------------------------------------------+
; Analysis & Synthesis Settings                                                                                        ;
+----------------------------------------------------------------------------+--------------------+--------------------+
; Option                                                                     ; Setting            ; Default Value      ;
+----------------------------------------------------------------------------+--------------------+--------------------+
; Device                                                                     ; EP4CE22F17C6       ;                    ;
; Top-level entity name                                                      ; Bloque_final       ; jugadas            ;
; Family name                                                                ; Cyclone IV E       ; Cyclone IV GX      ;
; Use smart compilation                                                      ; Off                ; Off                ;
; Enable parallel Assembler and TimeQuest Timing Analyzer during compilation ; On                 ; On                 ;
; Enable compact report table                                                ; Off                ; Off                ;
; Restructure Multiplexers                                                   ; Auto               ; Auto               ;
; Create Debugging Nodes for IP Cores                                        ; Off                ; Off                ;
; Preserve fewer node names                                                  ; On                 ; On                 ;
; Disable OpenCore Plus hardware evaluation                                  ; Off                ; Off                ;
; Verilog Version                                                            ; Verilog_2001       ; Verilog_2001       ;
; VHDL Version                                                               ; VHDL_1993          ; VHDL_1993          ;
; State Machine Processing                                                   ; Auto               ; Auto               ;
; Safe State Machine                                                         ; Off                ; Off                ;
; Extract Verilog State Machines                                             ; On                 ; On                 ;
; Extract VHDL State Machines                                                ; On                 ; On                 ;
; Ignore Verilog initial constructs                                          ; Off                ; Off                ;
; Iteration limit for constant Verilog loops                                 ; 5000               ; 5000               ;
; Iteration limit for non-constant Verilog loops                             ; 250                ; 250                ;
; Add Pass-Through Logic to Inferred RAMs                                    ; On                 ; On                 ;
; Infer RAMs from Raw Logic                                                  ; On                 ; On                 ;
; Parallel Synthesis                                                         ; On                 ; On                 ;
; DSP Block Balancing                                                        ; Auto               ; Auto               ;
; NOT Gate Push-Back                                                         ; On                 ; On                 ;
; Power-Up Don't Care                                                        ; On                 ; On                 ;
; Remove Redundant Logic Cells                                               ; Off                ; Off                ;
; Remove Duplicate Registers                                                 ; On                 ; On                 ;
; Ignore CARRY Buffers                                                       ; Off                ; Off                ;
; Ignore CASCADE Buffers                                                     ; Off                ; Off                ;
; Ignore GLOBAL Buffers                                                      ; Off                ; Off                ;
; Ignore ROW GLOBAL Buffers                                                  ; Off                ; Off                ;
; Ignore LCELL Buffers                                                       ; Off                ; Off                ;
; Ignore SOFT Buffers                                                        ; On                 ; On                 ;
; Limit AHDL Integers to 32 Bits                                             ; Off                ; Off                ;
; Optimization Technique                                                     ; Balanced           ; Balanced           ;
; Carry Chain Length                                                         ; 70                 ; 70                 ;
; Auto Carry Chains                                                          ; On                 ; On                 ;
; Auto Open-Drain Pins                                                       ; On                 ; On                 ;
; Perform WYSIWYG Primitive Resynthesis                                      ; Off                ; Off                ;
; Auto ROM Replacement                                                       ; On                 ; On                 ;
; Auto RAM Replacement                                                       ; On                 ; On                 ;
; Auto DSP Block Replacement                                                 ; On                 ; On                 ;
; Auto Shift Register Replacement                                            ; Auto               ; Auto               ;
; Allow Shift Register Merging across Hierarchies                            ; Auto               ; Auto               ;
; Auto Clock Enable Replacement                                              ; On                 ; On                 ;
; Strict RAM Replacement                                                     ; Off                ; Off                ;
; Allow Synchronous Control Signals                                          ; On                 ; On                 ;
; Force Use of Synchronous Clear Signals                                     ; Off                ; Off                ;
; Auto RAM Block Balancing                                                   ; On                 ; On                 ;
; Auto RAM to Logic Cell Conversion                                          ; Off                ; Off                ;
; Auto Resource Sharing                                                      ; Off                ; Off                ;
; Allow Any RAM Size For Recognition                                         ; Off                ; Off                ;
; Allow Any ROM Size For Recognition                                         ; Off                ; Off                ;
; Allow Any Shift Register Size For Recognition                              ; Off                ; Off                ;
; Use LogicLock Constraints during Resource Balancing                        ; On                 ; On                 ;
; Ignore translate_off and synthesis_off directives                          ; Off                ; Off                ;
; Timing-Driven Synthesis                                                    ; On                 ; On                 ;
; Report Parameter Settings                                                  ; On                 ; On                 ;
; Report Source Assignments                                                  ; On                 ; On                 ;
; Report Connectivity Checks                                                 ; On                 ; On                 ;
; Ignore Maximum Fan-Out Assignments                                         ; Off                ; Off                ;
; Synchronization Register Chain Length                                      ; 2                  ; 2                  ;
; PowerPlay Power Optimization                                               ; Normal compilation ; Normal compilation ;
; HDL message level                                                          ; Level2             ; Level2             ;
; Suppress Register Optimization Related Messages                            ; Off                ; Off                ;
; Number of Removed Registers Reported in Synthesis Report                   ; 5000               ; 5000               ;
; Number of Swept Nodes Reported in Synthesis Report                         ; 5000               ; 5000               ;
; Number of Inverted Registers Reported in Synthesis Report                  ; 100                ; 100                ;
; Clock MUX Protection                                                       ; On                 ; On                 ;
; Auto Gated Clock Conversion                                                ; Off                ; Off                ;
; Block Design Naming                                                        ; Auto               ; Auto               ;
; SDC constraint protection                                                  ; Off                ; Off                ;
; Synthesis Effort                                                           ; Auto               ; Auto               ;
; Shift Register Replacement - Allow Asynchronous Clear Signal               ; On                 ; On                 ;
; Pre-Mapping Resynthesis Optimization                                       ; Off                ; Off                ;
; Analysis & Synthesis Message Level                                         ; Medium             ; Medium             ;
; Disable Register Merging Across Hierarchies                                ; Auto               ; Auto               ;
; Resource Aware Inference For Block RAM                                     ; On                 ; On                 ;
; Synthesis Seed                                                             ; 1                  ; 1                  ;
+----------------------------------------------------------------------------+--------------------+--------------------+


Parallel compilation was disabled, but you have multiple processors available. Enable parallel compilation to reduce compilation time.
+-------------------------------------+
; Parallel Compilation                ;
+----------------------------+--------+
; Processors                 ; Number ;
+----------------------------+--------+
; Number detected on machine ; 4      ;
; Maximum allowed            ; 1      ;
+----------------------------+--------+


+-------------------------------------------------------------------------------------------------------------------------------------------------------------------------------------------------+
; Analysis & Synthesis Source Files Read                                                                                                                                                          ;
+----------------------------------+-----------------+------------------------------------+---------------------------------------------------------------------------------------------+---------+
; File Name with User-Entered Path ; Used in Netlist ; File Type                          ; File Name with Absolute Path                                                                ; Library ;
+----------------------------------+-----------------+------------------------------------+---------------------------------------------------------------------------------------------+---------+
; jugadas_ganadoras.bdf            ; yes             ; User Block Diagram/Schematic File  ; C:/Users/toni/Desktop/Proyecto_tateti/TaTeTi/almacenamiento de jugada/jugadas_ganadoras.bdf ;         ;
; Almace2.bdf                      ; yes             ; User Block Diagram/Schematic File  ; C:/Users/toni/Desktop/Proyecto_tateti/TaTeTi/almacenamiento de jugada/Almace2.bdf           ;         ;
; jugadas_full.bdf                 ; yes             ; User Block Diagram/Schematic File  ; C:/Users/toni/Desktop/Proyecto_tateti/TaTeTi/almacenamiento de jugada/jugadas_full.bdf      ;         ;
; Bloque_final.bdf                 ; yes             ; User Block Diagram/Schematic File  ; C:/Users/toni/Desktop/Proyecto_tateti/TaTeTi/almacenamiento de jugada/Bloque_final.bdf      ;         ;
; lpm_counter0.vhd                 ; yes             ; User Wizard-Generated File         ; C:/Users/toni/Desktop/Proyecto_tateti/TaTeTi/almacenamiento de jugada/lpm_counter0.vhd      ;         ;
; lpm_mux0.vhd                     ; yes             ; Auto-Found Wizard-Generated File   ; C:/Users/toni/Desktop/Proyecto_tateti/TaTeTi/almacenamiento de jugada/lpm_mux0.vhd          ;         ;
; lpm_mux.tdf                      ; yes             ; Megafunction                       ; c:/altera/13.0sp1/quartus/libraries/megafunctions/lpm_mux.tdf                               ;         ;
; aglobal130.inc                   ; yes             ; Megafunction                       ; c:/altera/13.0sp1/quartus/libraries/megafunctions/aglobal130.inc                            ;         ;
; muxlut.inc                       ; yes             ; Megafunction                       ; c:/altera/13.0sp1/quartus/libraries/megafunctions/muxlut.inc                                ;         ;
; bypassff.inc                     ; yes             ; Megafunction                       ; c:/altera/13.0sp1/quartus/libraries/megafunctions/bypassff.inc                              ;         ;
; altshift.inc                     ; yes             ; Megafunction                       ; c:/altera/13.0sp1/quartus/libraries/megafunctions/altshift.inc                              ;         ;
; db/mux_i7e.tdf                   ; yes             ; Auto-Generated Megafunction        ; C:/Users/toni/Desktop/Proyecto_tateti/TaTeTi/almacenamiento de jugada/db/mux_i7e.tdf        ;         ;
; demux1a2.vhd                     ; yes             ; Auto-Found VHDL File               ; C:/Users/toni/Desktop/Proyecto_tateti/TaTeTi/almacenamiento de jugada/demux1a2.vhd          ;         ;
; lpm_decode0.vhd                  ; yes             ; Auto-Found Wizard-Generated File   ; C:/Users/toni/Desktop/Proyecto_tateti/TaTeTi/almacenamiento de jugada/lpm_decode0.vhd       ;         ;
; lpm_decode.tdf                   ; yes             ; Megafunction                       ; c:/altera/13.0sp1/quartus/libraries/megafunctions/lpm_decode.tdf                            ;         ;
; declut.inc                       ; yes             ; Megafunction                       ; c:/altera/13.0sp1/quartus/libraries/megafunctions/declut.inc                                ;         ;
; lpm_compare.inc                  ; yes             ; Megafunction                       ; c:/altera/13.0sp1/quartus/libraries/megafunctions/lpm_compare.inc                           ;         ;
; lpm_constant.inc                 ; yes             ; Megafunction                       ; c:/altera/13.0sp1/quartus/libraries/megafunctions/lpm_constant.inc                          ;         ;
; db/decode_ucf.tdf                ; yes             ; Auto-Generated Megafunction        ; C:/Users/toni/Desktop/Proyecto_tateti/TaTeTi/almacenamiento de jugada/db/decode_ucf.tdf     ;         ;
; lpm_counter.tdf                  ; yes             ; Megafunction                       ; c:/altera/13.0sp1/quartus/libraries/megafunctions/lpm_counter.tdf                           ;         ;
; lpm_decode.inc                   ; yes             ; Megafunction                       ; c:/altera/13.0sp1/quartus/libraries/megafunctions/lpm_decode.inc                            ;         ;
; lpm_add_sub.inc                  ; yes             ; Megafunction                       ; c:/altera/13.0sp1/quartus/libraries/megafunctions/lpm_add_sub.inc                           ;         ;
; cmpconst.inc                     ; yes             ; Megafunction                       ; c:/altera/13.0sp1/quartus/libraries/megafunctions/cmpconst.inc                              ;         ;
; lpm_counter.inc                  ; yes             ; Megafunction                       ; c:/altera/13.0sp1/quartus/libraries/megafunctions/lpm_counter.inc                           ;         ;
; dffeea.inc                       ; yes             ; Megafunction                       ; c:/altera/13.0sp1/quartus/libraries/megafunctions/dffeea.inc                                ;         ;
; alt_counter_stratix.inc          ; yes             ; Megafunction                       ; c:/altera/13.0sp1/quartus/libraries/megafunctions/alt_counter_stratix.inc                   ;         ;
; db/cntr_5mi.tdf                  ; yes             ; Auto-Generated Megafunction        ; C:/Users/toni/Desktop/Proyecto_tateti/TaTeTi/almacenamiento de jugada/db/cntr_5mi.tdf       ;         ;
+----------------------------------+-----------------+------------------------------------+---------------------------------------------------------------------------------------------+---------+


+---------------------------------------------------------+
; Analysis & Synthesis Resource Usage Summary             ;
+---------------------------------------------+-----------+
; Resource                                    ; Usage     ;
+---------------------------------------------+-----------+
; Estimated Total logic elements              ; 76        ;
;                                             ;           ;
; Total combinational functions               ; 75        ;
; Logic element usage by number of LUT inputs ;           ;
;     -- 4 input functions                    ; 24        ;
;     -- 3 input functions                    ; 21        ;
;     -- <=2 input functions                  ; 30        ;
;                                             ;           ;
; Logic elements by mode                      ;           ;
;     -- normal mode                          ; 73        ;
;     -- arithmetic mode                      ; 2         ;
;                                             ;           ;
; Total registers                             ; 30        ;
;     -- Dedicated logic registers            ; 30        ;
;     -- I/O registers                        ; 0         ;
;                                             ;           ;
; I/O pins                                    ; 31        ;
; Embedded Multiplier 9-bit elements          ; 0         ;
; Maximum fan-out node                        ; CLK~input ;
; Maximum fan-out                             ; 20        ;
; Total fan-out                               ; 360       ;
; Average fan-out                             ; 2.16      ;
+---------------------------------------------+-----------+


+-----------------------------------------------------------------------------------------------------------------------------------------------------------------------------------------------------------------------------------------------------------------------------------------+
; Analysis & Synthesis Resource Utilization by Entity                                                                                                                                                                                                                                     ;
+----------------------------------------------+-------------------+--------------+-------------+--------------+---------+-----------+------+--------------+---------------------------------------------------------------------------------------------------------------+--------------+
; Compilation Hierarchy Node                   ; LC Combinationals ; LC Registers ; Memory Bits ; DSP Elements ; DSP 9x9 ; DSP 18x18 ; Pins ; Virtual Pins ; Full Hierarchy Name                                                                                           ; Library Name ;
+----------------------------------------------+-------------------+--------------+-------------+--------------+---------+-----------+------+--------------+---------------------------------------------------------------------------------------------------------------+--------------+
; |Bloque_final                                ; 75 (0)            ; 30 (0)       ; 0           ; 0            ; 0       ; 0         ; 31   ; 0            ; |Bloque_final                                                                                                 ; work         ;
;    |jugadas_full:inst|                       ; 48 (0)            ; 30 (1)       ; 0           ; 0            ; 0       ; 0         ; 0    ; 0            ; |Bloque_final|jugadas_full:inst                                                                               ; work         ;
;       |Almace2:inst11|                       ; 4 (4)             ; 3 (3)        ; 0           ; 0            ; 0       ; 0         ; 0    ; 0            ; |Bloque_final|jugadas_full:inst|Almace2:inst11                                                                ; work         ;
;       |Almace2:inst1|                        ; 4 (4)             ; 3 (3)        ; 0           ; 0            ; 0       ; 0         ; 0    ; 0            ; |Bloque_final|jugadas_full:inst|Almace2:inst1                                                                 ; work         ;
;       |Almace2:inst2|                        ; 4 (4)             ; 3 (3)        ; 0           ; 0            ; 0       ; 0         ; 0    ; 0            ; |Bloque_final|jugadas_full:inst|Almace2:inst2                                                                 ; work         ;
;       |Almace2:inst3|                        ; 4 (4)             ; 3 (3)        ; 0           ; 0            ; 0       ; 0         ; 0    ; 0            ; |Bloque_final|jugadas_full:inst|Almace2:inst3                                                                 ; work         ;
;       |Almace2:inst4|                        ; 4 (4)             ; 3 (3)        ; 0           ; 0            ; 0       ; 0         ; 0    ; 0            ; |Bloque_final|jugadas_full:inst|Almace2:inst4                                                                 ; work         ;
;       |Almace2:inst5|                        ; 4 (4)             ; 3 (3)        ; 0           ; 0            ; 0       ; 0         ; 0    ; 0            ; |Bloque_final|jugadas_full:inst|Almace2:inst5                                                                 ; work         ;
;       |Almace2:inst7|                        ; 4 (4)             ; 3 (3)        ; 0           ; 0            ; 0       ; 0         ; 0    ; 0            ; |Bloque_final|jugadas_full:inst|Almace2:inst7                                                                 ; work         ;
;       |Almace2:inst8|                        ; 4 (4)             ; 3 (3)        ; 0           ; 0            ; 0       ; 0         ; 0    ; 0            ; |Bloque_final|jugadas_full:inst|Almace2:inst8                                                                 ; work         ;
;       |Almace2:inst9|                        ; 4 (4)             ; 3 (3)        ; 0           ; 0            ; 0       ; 0         ; 0    ; 0            ; |Bloque_final|jugadas_full:inst|Almace2:inst9                                                                 ; work         ;
;       |lpm_counter0:inst10|                  ; 3 (0)             ; 2 (0)        ; 0           ; 0            ; 0       ; 0         ; 0    ; 0            ; |Bloque_final|jugadas_full:inst|lpm_counter0:inst10                                                           ; work         ;
;          |lpm_counter:LPM_COUNTER_component| ; 3 (0)             ; 2 (0)        ; 0           ; 0            ; 0       ; 0         ; 0    ; 0            ; |Bloque_final|jugadas_full:inst|lpm_counter0:inst10|lpm_counter:LPM_COUNTER_component                         ; work         ;
;             |cntr_5mi:auto_generated|        ; 3 (3)             ; 2 (2)        ; 0           ; 0            ; 0       ; 0         ; 0    ; 0            ; |Bloque_final|jugadas_full:inst|lpm_counter0:inst10|lpm_counter:LPM_COUNTER_component|cntr_5mi:auto_generated ; work         ;
;       |lpm_decode0:inst|                     ; 9 (0)             ; 0 (0)        ; 0           ; 0            ; 0       ; 0         ; 0    ; 0            ; |Bloque_final|jugadas_full:inst|lpm_decode0:inst                                                              ; work         ;
;          |lpm_decode:LPM_DECODE_component|   ; 9 (0)             ; 0 (0)        ; 0           ; 0            ; 0       ; 0         ; 0    ; 0            ; |Bloque_final|jugadas_full:inst|lpm_decode0:inst|lpm_decode:LPM_DECODE_component                              ; work         ;
;             |decode_ucf:auto_generated|      ; 9 (9)             ; 0 (0)        ; 0           ; 0            ; 0       ; 0         ; 0    ; 0            ; |Bloque_final|jugadas_full:inst|lpm_decode0:inst|lpm_decode:LPM_DECODE_component|decode_ucf:auto_generated    ; work         ;
;    |jugadas_ganadoras:inst1|                 ; 27 (27)           ; 0 (0)        ; 0           ; 0            ; 0       ; 0         ; 0    ; 0            ; |Bloque_final|jugadas_ganadoras:inst1                                                                         ; work         ;
+----------------------------------------------+-------------------+--------------+-------------+--------------+---------+-----------+------+--------------+---------------------------------------------------------------------------------------------------------------+--------------+
Note: For table entries with two numbers listed, the numbers in parentheses indicate the number of resources of the given type used by the specific entity alone. The numbers listed outside of parentheses indicate the total resources of the given type used by the specific entity and all of its sub-entities in the hierarchy.


+------------------------------------------------------------------------------------------------------------------------------------------------------------------------------------------------------------------------+
; Analysis & Synthesis IP Cores Summary                                                                                                                                                                                  ;
+--------+--------------+---------+--------------+--------------+---------------------------------------------------------------+----------------------------------------------------------------------------------------+
; Vendor ; IP Core Name ; Version ; Release Date ; License Type ; Entity Instance                                               ; IP Include File                                                                        ;
+--------+--------------+---------+--------------+--------------+---------------------------------------------------------------+----------------------------------------------------------------------------------------+
; Altera ; LPM_DECODE   ; N/A     ; N/A          ; N/A          ; |Bloque_final|jugadas_full:inst|lpm_decode0:inst              ; C:/Users/toni/Desktop/Proyecto_tateti/TaTeTi/almacenamiento de jugada/lpm_decode0.vhd  ;
; Altera ; LPM_MUX      ; N/A     ; N/A          ; N/A          ; |Bloque_final|jugadas_full:inst|Almace2:inst1|lpm_mux0:inst3  ; C:/Users/toni/Desktop/Proyecto_tateti/TaTeTi/almacenamiento de jugada/lpm_mux0.vhd     ;
; Altera ; LPM_MUX      ; N/A     ; N/A          ; N/A          ; |Bloque_final|jugadas_full:inst|Almace2:inst1|lpm_mux0:inst4  ; C:/Users/toni/Desktop/Proyecto_tateti/TaTeTi/almacenamiento de jugada/lpm_mux0.vhd     ;
; Altera ; LPM_MUX      ; N/A     ; N/A          ; N/A          ; |Bloque_final|jugadas_full:inst|Almace2:inst2|lpm_mux0:inst3  ; C:/Users/toni/Desktop/Proyecto_tateti/TaTeTi/almacenamiento de jugada/lpm_mux0.vhd     ;
; Altera ; LPM_MUX      ; N/A     ; N/A          ; N/A          ; |Bloque_final|jugadas_full:inst|Almace2:inst2|lpm_mux0:inst4  ; C:/Users/toni/Desktop/Proyecto_tateti/TaTeTi/almacenamiento de jugada/lpm_mux0.vhd     ;
; Altera ; LPM_MUX      ; N/A     ; N/A          ; N/A          ; |Bloque_final|jugadas_full:inst|Almace2:inst3|lpm_mux0:inst3  ; C:/Users/toni/Desktop/Proyecto_tateti/TaTeTi/almacenamiento de jugada/lpm_mux0.vhd     ;
; Altera ; LPM_MUX      ; N/A     ; N/A          ; N/A          ; |Bloque_final|jugadas_full:inst|Almace2:inst3|lpm_mux0:inst4  ; C:/Users/toni/Desktop/Proyecto_tateti/TaTeTi/almacenamiento de jugada/lpm_mux0.vhd     ;
; Altera ; LPM_MUX      ; N/A     ; N/A          ; N/A          ; |Bloque_final|jugadas_full:inst|Almace2:inst4|lpm_mux0:inst3  ; C:/Users/toni/Desktop/Proyecto_tateti/TaTeTi/almacenamiento de jugada/lpm_mux0.vhd     ;
; Altera ; LPM_MUX      ; N/A     ; N/A          ; N/A          ; |Bloque_final|jugadas_full:inst|Almace2:inst4|lpm_mux0:inst4  ; C:/Users/toni/Desktop/Proyecto_tateti/TaTeTi/almacenamiento de jugada/lpm_mux0.vhd     ;
; Altera ; LPM_MUX      ; N/A     ; N/A          ; N/A          ; |Bloque_final|jugadas_full:inst|Almace2:inst5|lpm_mux0:inst3  ; C:/Users/toni/Desktop/Proyecto_tateti/TaTeTi/almacenamiento de jugada/lpm_mux0.vhd     ;
; Altera ; LPM_MUX      ; N/A     ; N/A          ; N/A          ; |Bloque_final|jugadas_full:inst|Almace2:inst5|lpm_mux0:inst4  ; C:/Users/toni/Desktop/Proyecto_tateti/TaTeTi/almacenamiento de jugada/lpm_mux0.vhd     ;
; Altera ; LPM_MUX      ; N/A     ; N/A          ; N/A          ; |Bloque_final|jugadas_full:inst|Almace2:inst7|lpm_mux0:inst3  ; C:/Users/toni/Desktop/Proyecto_tateti/TaTeTi/almacenamiento de jugada/lpm_mux0.vhd     ;
; Altera ; LPM_MUX      ; N/A     ; N/A          ; N/A          ; |Bloque_final|jugadas_full:inst|Almace2:inst7|lpm_mux0:inst4  ; C:/Users/toni/Desktop/Proyecto_tateti/TaTeTi/almacenamiento de jugada/lpm_mux0.vhd     ;
; Altera ; LPM_MUX      ; N/A     ; N/A          ; N/A          ; |Bloque_final|jugadas_full:inst|Almace2:inst8|lpm_mux0:inst3  ; C:/Users/toni/Desktop/Proyecto_tateti/TaTeTi/almacenamiento de jugada/lpm_mux0.vhd     ;
; Altera ; LPM_MUX      ; N/A     ; N/A          ; N/A          ; |Bloque_final|jugadas_full:inst|Almace2:inst8|lpm_mux0:inst4  ; C:/Users/toni/Desktop/Proyecto_tateti/TaTeTi/almacenamiento de jugada/lpm_mux0.vhd     ;
; Altera ; LPM_MUX      ; N/A     ; N/A          ; N/A          ; |Bloque_final|jugadas_full:inst|Almace2:inst9|lpm_mux0:inst3  ; C:/Users/toni/Desktop/Proyecto_tateti/TaTeTi/almacenamiento de jugada/lpm_mux0.vhd     ;
; Altera ; LPM_MUX      ; N/A     ; N/A          ; N/A          ; |Bloque_final|jugadas_full:inst|Almace2:inst9|lpm_mux0:inst4  ; C:/Users/toni/Desktop/Proyecto_tateti/TaTeTi/almacenamiento de jugada/lpm_mux0.vhd     ;
; Altera ; LPM_COUNTER  ; 13.0    ; N/A          ; N/A          ; |Bloque_final|jugadas_full:inst|lpm_counter0:inst10           ; C:/Users/toni/Desktop/Proyecto_tateti/TaTeTi/almacenamiento de jugada/lpm_counter0.vhd ;
; Altera ; LPM_MUX      ; N/A     ; N/A          ; N/A          ; |Bloque_final|jugadas_full:inst|Almace2:inst11|lpm_mux0:inst3 ; C:/Users/toni/Desktop/Proyecto_tateti/TaTeTi/almacenamiento de jugada/lpm_mux0.vhd     ;
; Altera ; LPM_MUX      ; N/A     ; N/A          ; N/A          ; |Bloque_final|jugadas_full:inst|Almace2:inst11|lpm_mux0:inst4 ; C:/Users/toni/Desktop/Proyecto_tateti/TaTeTi/almacenamiento de jugada/lpm_mux0.vhd     ;
+--------+--------------+---------+--------------+--------------+---------------------------------------------------------------+----------------------------------------------------------------------------------------+


+------------------------------------------------------+
; General Register Statistics                          ;
+----------------------------------------------+-------+
; Statistic                                    ; Value ;
+----------------------------------------------+-------+
; Total registers                              ; 30    ;
; Number of registers using Synchronous Clear  ; 0     ;
; Number of registers using Synchronous Load   ; 0     ;
; Number of registers using Asynchronous Clear ; 30    ;
; Number of registers using Asynchronous Load  ; 0     ;
; Number of registers using Clock Enable       ; 0     ;
; Number of registers using Preset             ; 0     ;
+----------------------------------------------+-------+


+-----------------------------------------------------------------------------------------------------------------------+
; Parameter Settings for User Entity Instance: jugadas_full:inst|Almace2:inst1|lpm_mux0:inst4|LPM_MUX:LPM_MUX_component ;
+------------------------+--------------+-------------------------------------------------------------------------------+
; Parameter Name         ; Value        ; Type                                                                          ;
+------------------------+--------------+-------------------------------------------------------------------------------+
; AUTO_CARRY_CHAINS      ; ON           ; AUTO_CARRY                                                                    ;
; IGNORE_CARRY_BUFFERS   ; OFF          ; IGNORE_CARRY                                                                  ;
; AUTO_CASCADE_CHAINS    ; ON           ; AUTO_CASCADE                                                                  ;
; IGNORE_CASCADE_BUFFERS ; OFF          ; IGNORE_CASCADE                                                                ;
; LPM_WIDTH              ; 1            ; Signed Integer                                                                ;
; LPM_SIZE               ; 2            ; Signed Integer                                                                ;
; LPM_WIDTHS             ; 1            ; Signed Integer                                                                ;
; LPM_PIPELINE           ; 0            ; Signed Integer                                                                ;
; CBXI_PARAMETER         ; mux_i7e      ; Untyped                                                                       ;
; DEVICE_FAMILY          ; Cyclone IV E ; Untyped                                                                       ;
+------------------------+--------------+-------------------------------------------------------------------------------+
Note: In order to hide this table in the UI and the text report file, please set the "Show Parameter Settings in Synthesis Report" option in "Analysis and Synthesis Settings -> More Settings" to "Off".


+-----------------------------------------------------------------------------------------------------------------------+
; Parameter Settings for User Entity Instance: jugadas_full:inst|Almace2:inst1|lpm_mux0:inst3|LPM_MUX:LPM_MUX_component ;
+------------------------+--------------+-------------------------------------------------------------------------------+
; Parameter Name         ; Value        ; Type                                                                          ;
+------------------------+--------------+-------------------------------------------------------------------------------+
; AUTO_CARRY_CHAINS      ; ON           ; AUTO_CARRY                                                                    ;
; IGNORE_CARRY_BUFFERS   ; OFF          ; IGNORE_CARRY                                                                  ;
; AUTO_CASCADE_CHAINS    ; ON           ; AUTO_CASCADE                                                                  ;
; IGNORE_CASCADE_BUFFERS ; OFF          ; IGNORE_CASCADE                                                                ;
; LPM_WIDTH              ; 1            ; Signed Integer                                                                ;
; LPM_SIZE               ; 2            ; Signed Integer                                                                ;
; LPM_WIDTHS             ; 1            ; Signed Integer                                                                ;
; LPM_PIPELINE           ; 0            ; Signed Integer                                                                ;
; CBXI_PARAMETER         ; mux_i7e      ; Untyped                                                                       ;
; DEVICE_FAMILY          ; Cyclone IV E ; Untyped                                                                       ;
+------------------------+--------------+-------------------------------------------------------------------------------+
Note: In order to hide this table in the UI and the text report file, please set the "Show Parameter Settings in Synthesis Report" option in "Analysis and Synthesis Settings -> More Settings" to "Off".


+-----------------------------------------------------------------------------------------------------------------+
; Parameter Settings for User Entity Instance: jugadas_full:inst|lpm_decode0:inst|lpm_decode:LPM_DECODE_component ;
+------------------------+--------------+-------------------------------------------------------------------------+
; Parameter Name         ; Value        ; Type                                                                    ;
+------------------------+--------------+-------------------------------------------------------------------------+
; LPM_WIDTH              ; 4            ; Signed Integer                                                          ;
; LPM_DECODES            ; 16           ; Signed Integer                                                          ;
; LPM_PIPELINE           ; 0            ; Untyped                                                                 ;
; CASCADE_CHAIN          ; MANUAL       ; Untyped                                                                 ;
; DEVICE_FAMILY          ; Cyclone IV E ; Untyped                                                                 ;
; CBXI_PARAMETER         ; decode_ucf   ; Untyped                                                                 ;
; AUTO_CARRY_CHAINS      ; ON           ; AUTO_CARRY                                                              ;
; IGNORE_CARRY_BUFFERS   ; OFF          ; IGNORE_CARRY                                                            ;
; AUTO_CASCADE_CHAINS    ; ON           ; AUTO_CASCADE                                                            ;
; IGNORE_CASCADE_BUFFERS ; OFF          ; IGNORE_CASCADE                                                          ;
+------------------------+--------------+-------------------------------------------------------------------------+
Note: In order to hide this table in the UI and the text report file, please set the "Show Parameter Settings in Synthesis Report" option in "Analysis and Synthesis Settings -> More Settings" to "Off".


+-----------------------------------------------------------------------------------------------------------------------+
; Parameter Settings for User Entity Instance: jugadas_full:inst|Almace2:inst2|lpm_mux0:inst4|LPM_MUX:LPM_MUX_component ;
+------------------------+--------------+-------------------------------------------------------------------------------+
; Parameter Name         ; Value        ; Type                                                                          ;
+------------------------+--------------+-------------------------------------------------------------------------------+
; AUTO_CARRY_CHAINS      ; ON           ; AUTO_CARRY                                                                    ;
; IGNORE_CARRY_BUFFERS   ; OFF          ; IGNORE_CARRY                                                                  ;
; AUTO_CASCADE_CHAINS    ; ON           ; AUTO_CASCADE                                                                  ;
; IGNORE_CASCADE_BUFFERS ; OFF          ; IGNORE_CASCADE                                                                ;
; LPM_WIDTH              ; 1            ; Signed Integer                                                                ;
; LPM_SIZE               ; 2            ; Signed Integer                                                                ;
; LPM_WIDTHS             ; 1            ; Signed Integer                                                                ;
; LPM_PIPELINE           ; 0            ; Signed Integer                                                                ;
; CBXI_PARAMETER         ; mux_i7e      ; Untyped                                                                       ;
; DEVICE_FAMILY          ; Cyclone IV E ; Untyped                                                                       ;
+------------------------+--------------+-------------------------------------------------------------------------------+
Note: In order to hide this table in the UI and the text report file, please set the "Show Parameter Settings in Synthesis Report" option in "Analysis and Synthesis Settings -> More Settings" to "Off".


+-----------------------------------------------------------------------------------------------------------------------+
; Parameter Settings for User Entity Instance: jugadas_full:inst|Almace2:inst2|lpm_mux0:inst3|LPM_MUX:LPM_MUX_component ;
+------------------------+--------------+-------------------------------------------------------------------------------+
; Parameter Name         ; Value        ; Type                                                                          ;
+------------------------+--------------+-------------------------------------------------------------------------------+
; AUTO_CARRY_CHAINS      ; ON           ; AUTO_CARRY                                                                    ;
; IGNORE_CARRY_BUFFERS   ; OFF          ; IGNORE_CARRY                                                                  ;
; AUTO_CASCADE_CHAINS    ; ON           ; AUTO_CASCADE                                                                  ;
; IGNORE_CASCADE_BUFFERS ; OFF          ; IGNORE_CASCADE                                                                ;
; LPM_WIDTH              ; 1            ; Signed Integer                                                                ;
; LPM_SIZE               ; 2            ; Signed Integer                                                                ;
; LPM_WIDTHS             ; 1            ; Signed Integer                                                                ;
; LPM_PIPELINE           ; 0            ; Signed Integer                                                                ;
; CBXI_PARAMETER         ; mux_i7e      ; Untyped                                                                       ;
; DEVICE_FAMILY          ; Cyclone IV E ; Untyped                                                                       ;
+------------------------+--------------+-------------------------------------------------------------------------------+
Note: In order to hide this table in the UI and the text report file, please set the "Show Parameter Settings in Synthesis Report" option in "Analysis and Synthesis Settings -> More Settings" to "Off".


+-----------------------------------------------------------------------------------------------------------------------+
; Parameter Settings for User Entity Instance: jugadas_full:inst|Almace2:inst3|lpm_mux0:inst4|LPM_MUX:LPM_MUX_component ;
+------------------------+--------------+-------------------------------------------------------------------------------+
; Parameter Name         ; Value        ; Type                                                                          ;
+------------------------+--------------+-------------------------------------------------------------------------------+
; AUTO_CARRY_CHAINS      ; ON           ; AUTO_CARRY                                                                    ;
; IGNORE_CARRY_BUFFERS   ; OFF          ; IGNORE_CARRY                                                                  ;
; AUTO_CASCADE_CHAINS    ; ON           ; AUTO_CASCADE                                                                  ;
; IGNORE_CASCADE_BUFFERS ; OFF          ; IGNORE_CASCADE                                                                ;
; LPM_WIDTH              ; 1            ; Signed Integer                                                                ;
; LPM_SIZE               ; 2            ; Signed Integer                                                                ;
; LPM_WIDTHS             ; 1            ; Signed Integer                                                                ;
; LPM_PIPELINE           ; 0            ; Signed Integer                                                                ;
; CBXI_PARAMETER         ; mux_i7e      ; Untyped                                                                       ;
; DEVICE_FAMILY          ; Cyclone IV E ; Untyped                                                                       ;
+------------------------+--------------+-------------------------------------------------------------------------------+
Note: In order to hide this table in the UI and the text report file, please set the "Show Parameter Settings in Synthesis Report" option in "Analysis and Synthesis Settings -> More Settings" to "Off".


+-----------------------------------------------------------------------------------------------------------------------+
; Parameter Settings for User Entity Instance: jugadas_full:inst|Almace2:inst3|lpm_mux0:inst3|LPM_MUX:LPM_MUX_component ;
+------------------------+--------------+-------------------------------------------------------------------------------+
; Parameter Name         ; Value        ; Type                                                                          ;
+------------------------+--------------+-------------------------------------------------------------------------------+
; AUTO_CARRY_CHAINS      ; ON           ; AUTO_CARRY                                                                    ;
; IGNORE_CARRY_BUFFERS   ; OFF          ; IGNORE_CARRY                                                                  ;
; AUTO_CASCADE_CHAINS    ; ON           ; AUTO_CASCADE                                                                  ;
; IGNORE_CASCADE_BUFFERS ; OFF          ; IGNORE_CASCADE                                                                ;
; LPM_WIDTH              ; 1            ; Signed Integer                                                                ;
; LPM_SIZE               ; 2            ; Signed Integer                                                                ;
; LPM_WIDTHS             ; 1            ; Signed Integer                                                                ;
; LPM_PIPELINE           ; 0            ; Signed Integer                                                                ;
; CBXI_PARAMETER         ; mux_i7e      ; Untyped                                                                       ;
; DEVICE_FAMILY          ; Cyclone IV E ; Untyped                                                                       ;
+------------------------+--------------+-------------------------------------------------------------------------------+
Note: In order to hide this table in the UI and the text report file, please set the "Show Parameter Settings in Synthesis Report" option in "Analysis and Synthesis Settings -> More Settings" to "Off".


+-----------------------------------------------------------------------------------------------------------------------+
; Parameter Settings for User Entity Instance: jugadas_full:inst|Almace2:inst4|lpm_mux0:inst4|LPM_MUX:LPM_MUX_component ;
+------------------------+--------------+-------------------------------------------------------------------------------+
; Parameter Name         ; Value        ; Type                                                                          ;
+------------------------+--------------+-------------------------------------------------------------------------------+
; AUTO_CARRY_CHAINS      ; ON           ; AUTO_CARRY                                                                    ;
; IGNORE_CARRY_BUFFERS   ; OFF          ; IGNORE_CARRY                                                                  ;
; AUTO_CASCADE_CHAINS    ; ON           ; AUTO_CASCADE                                                                  ;
; IGNORE_CASCADE_BUFFERS ; OFF          ; IGNORE_CASCADE                                                                ;
; LPM_WIDTH              ; 1            ; Signed Integer                                                                ;
; LPM_SIZE               ; 2            ; Signed Integer                                                                ;
; LPM_WIDTHS             ; 1            ; Signed Integer                                                                ;
; LPM_PIPELINE           ; 0            ; Signed Integer                                                                ;
; CBXI_PARAMETER         ; mux_i7e      ; Untyped                                                                       ;
; DEVICE_FAMILY          ; Cyclone IV E ; Untyped                                                                       ;
+------------------------+--------------+-------------------------------------------------------------------------------+
Note: In order to hide this table in the UI and the text report file, please set the "Show Parameter Settings in Synthesis Report" option in "Analysis and Synthesis Settings -> More Settings" to "Off".


+-----------------------------------------------------------------------------------------------------------------------+
; Parameter Settings for User Entity Instance: jugadas_full:inst|Almace2:inst4|lpm_mux0:inst3|LPM_MUX:LPM_MUX_component ;
+------------------------+--------------+-------------------------------------------------------------------------------+
; Parameter Name         ; Value        ; Type                                                                          ;
+------------------------+--------------+-------------------------------------------------------------------------------+
; AUTO_CARRY_CHAINS      ; ON           ; AUTO_CARRY                                                                    ;
; IGNORE_CARRY_BUFFERS   ; OFF          ; IGNORE_CARRY                                                                  ;
; AUTO_CASCADE_CHAINS    ; ON           ; AUTO_CASCADE                                                                  ;
; IGNORE_CASCADE_BUFFERS ; OFF          ; IGNORE_CASCADE                                                                ;
; LPM_WIDTH              ; 1            ; Signed Integer                                                                ;
; LPM_SIZE               ; 2            ; Signed Integer                                                                ;
; LPM_WIDTHS             ; 1            ; Signed Integer                                                                ;
; LPM_PIPELINE           ; 0            ; Signed Integer                                                                ;
; CBXI_PARAMETER         ; mux_i7e      ; Untyped                                                                       ;
; DEVICE_FAMILY          ; Cyclone IV E ; Untyped                                                                       ;
+------------------------+--------------+-------------------------------------------------------------------------------+
Note: In order to hide this table in the UI and the text report file, please set the "Show Parameter Settings in Synthesis Report" option in "Analysis and Synthesis Settings -> More Settings" to "Off".


+-----------------------------------------------------------------------------------------------------------------------+
; Parameter Settings for User Entity Instance: jugadas_full:inst|Almace2:inst5|lpm_mux0:inst4|LPM_MUX:LPM_MUX_component ;
+------------------------+--------------+-------------------------------------------------------------------------------+
; Parameter Name         ; Value        ; Type                                                                          ;
+------------------------+--------------+-------------------------------------------------------------------------------+
; AUTO_CARRY_CHAINS      ; ON           ; AUTO_CARRY                                                                    ;
; IGNORE_CARRY_BUFFERS   ; OFF          ; IGNORE_CARRY                                                                  ;
; AUTO_CASCADE_CHAINS    ; ON           ; AUTO_CASCADE                                                                  ;
; IGNORE_CASCADE_BUFFERS ; OFF          ; IGNORE_CASCADE                                                                ;
; LPM_WIDTH              ; 1            ; Signed Integer                                                                ;
; LPM_SIZE               ; 2            ; Signed Integer                                                                ;
; LPM_WIDTHS             ; 1            ; Signed Integer                                                                ;
; LPM_PIPELINE           ; 0            ; Signed Integer                                                                ;
; CBXI_PARAMETER         ; mux_i7e      ; Untyped                                                                       ;
; DEVICE_FAMILY          ; Cyclone IV E ; Untyped                                                                       ;
+------------------------+--------------+-------------------------------------------------------------------------------+
Note: In order to hide this table in the UI and the text report file, please set the "Show Parameter Settings in Synthesis Report" option in "Analysis and Synthesis Settings -> More Settings" to "Off".


+-----------------------------------------------------------------------------------------------------------------------+
; Parameter Settings for User Entity Instance: jugadas_full:inst|Almace2:inst5|lpm_mux0:inst3|LPM_MUX:LPM_MUX_component ;
+------------------------+--------------+-------------------------------------------------------------------------------+
; Parameter Name         ; Value        ; Type                                                                          ;
+------------------------+--------------+-------------------------------------------------------------------------------+
; AUTO_CARRY_CHAINS      ; ON           ; AUTO_CARRY                                                                    ;
; IGNORE_CARRY_BUFFERS   ; OFF          ; IGNORE_CARRY                                                                  ;
; AUTO_CASCADE_CHAINS    ; ON           ; AUTO_CASCADE                                                                  ;
; IGNORE_CASCADE_BUFFERS ; OFF          ; IGNORE_CASCADE                                                                ;
; LPM_WIDTH              ; 1            ; Signed Integer                                                                ;
; LPM_SIZE               ; 2            ; Signed Integer                                                                ;
; LPM_WIDTHS             ; 1            ; Signed Integer                                                                ;
; LPM_PIPELINE           ; 0            ; Signed Integer                                                                ;
; CBXI_PARAMETER         ; mux_i7e      ; Untyped                                                                       ;
; DEVICE_FAMILY          ; Cyclone IV E ; Untyped                                                                       ;
+------------------------+--------------+-------------------------------------------------------------------------------+
Note: In order to hide this table in the UI and the text report file, please set the "Show Parameter Settings in Synthesis Report" option in "Analysis and Synthesis Settings -> More Settings" to "Off".


+-----------------------------------------------------------------------------------------------------------------------+
; Parameter Settings for User Entity Instance: jugadas_full:inst|Almace2:inst7|lpm_mux0:inst4|LPM_MUX:LPM_MUX_component ;
+------------------------+--------------+-------------------------------------------------------------------------------+
; Parameter Name         ; Value        ; Type                                                                          ;
+------------------------+--------------+-------------------------------------------------------------------------------+
; AUTO_CARRY_CHAINS      ; ON           ; AUTO_CARRY                                                                    ;
; IGNORE_CARRY_BUFFERS   ; OFF          ; IGNORE_CARRY                                                                  ;
; AUTO_CASCADE_CHAINS    ; ON           ; AUTO_CASCADE                                                                  ;
; IGNORE_CASCADE_BUFFERS ; OFF          ; IGNORE_CASCADE                                                                ;
; LPM_WIDTH              ; 1            ; Signed Integer                                                                ;
; LPM_SIZE               ; 2            ; Signed Integer                                                                ;
; LPM_WIDTHS             ; 1            ; Signed Integer                                                                ;
; LPM_PIPELINE           ; 0            ; Signed Integer                                                                ;
; CBXI_PARAMETER         ; mux_i7e      ; Untyped                                                                       ;
; DEVICE_FAMILY          ; Cyclone IV E ; Untyped                                                                       ;
+------------------------+--------------+-------------------------------------------------------------------------------+
Note: In order to hide this table in the UI and the text report file, please set the "Show Parameter Settings in Synthesis Report" option in "Analysis and Synthesis Settings -> More Settings" to "Off".


+-----------------------------------------------------------------------------------------------------------------------+
; Parameter Settings for User Entity Instance: jugadas_full:inst|Almace2:inst7|lpm_mux0:inst3|LPM_MUX:LPM_MUX_component ;
+------------------------+--------------+-------------------------------------------------------------------------------+
; Parameter Name         ; Value        ; Type                                                                          ;
+------------------------+--------------+-------------------------------------------------------------------------------+
; AUTO_CARRY_CHAINS      ; ON           ; AUTO_CARRY                                                                    ;
; IGNORE_CARRY_BUFFERS   ; OFF          ; IGNORE_CARRY                                                                  ;
; AUTO_CASCADE_CHAINS    ; ON           ; AUTO_CASCADE                                                                  ;
; IGNORE_CASCADE_BUFFERS ; OFF          ; IGNORE_CASCADE                                                                ;
; LPM_WIDTH              ; 1            ; Signed Integer                                                                ;
; LPM_SIZE               ; 2            ; Signed Integer                                                                ;
; LPM_WIDTHS             ; 1            ; Signed Integer                                                                ;
; LPM_PIPELINE           ; 0            ; Signed Integer                                                                ;
; CBXI_PARAMETER         ; mux_i7e      ; Untyped                                                                       ;
; DEVICE_FAMILY          ; Cyclone IV E ; Untyped                                                                       ;
+------------------------+--------------+-------------------------------------------------------------------------------+
Note: In order to hide this table in the UI and the text report file, please set the "Show Parameter Settings in Synthesis Report" option in "Analysis and Synthesis Settings -> More Settings" to "Off".


+-----------------------------------------------------------------------------------------------------------------------+
; Parameter Settings for User Entity Instance: jugadas_full:inst|Almace2:inst8|lpm_mux0:inst4|LPM_MUX:LPM_MUX_component ;
+------------------------+--------------+-------------------------------------------------------------------------------+
; Parameter Name         ; Value        ; Type                                                                          ;
+------------------------+--------------+-------------------------------------------------------------------------------+
; AUTO_CARRY_CHAINS      ; ON           ; AUTO_CARRY                                                                    ;
; IGNORE_CARRY_BUFFERS   ; OFF          ; IGNORE_CARRY                                                                  ;
; AUTO_CASCADE_CHAINS    ; ON           ; AUTO_CASCADE                                                                  ;
; IGNORE_CASCADE_BUFFERS ; OFF          ; IGNORE_CASCADE                                                                ;
; LPM_WIDTH              ; 1            ; Signed Integer                                                                ;
; LPM_SIZE               ; 2            ; Signed Integer                                                                ;
; LPM_WIDTHS             ; 1            ; Signed Integer                                                                ;
; LPM_PIPELINE           ; 0            ; Signed Integer                                                                ;
; CBXI_PARAMETER         ; mux_i7e      ; Untyped                                                                       ;
; DEVICE_FAMILY          ; Cyclone IV E ; Untyped                                                                       ;
+------------------------+--------------+-------------------------------------------------------------------------------+
Note: In order to hide this table in the UI and the text report file, please set the "Show Parameter Settings in Synthesis Report" option in "Analysis and Synthesis Settings -> More Settings" to "Off".


+-----------------------------------------------------------------------------------------------------------------------+
; Parameter Settings for User Entity Instance: jugadas_full:inst|Almace2:inst8|lpm_mux0:inst3|LPM_MUX:LPM_MUX_component ;
+------------------------+--------------+-------------------------------------------------------------------------------+
; Parameter Name         ; Value        ; Type                                                                          ;
+------------------------+--------------+-------------------------------------------------------------------------------+
; AUTO_CARRY_CHAINS      ; ON           ; AUTO_CARRY                                                                    ;
; IGNORE_CARRY_BUFFERS   ; OFF          ; IGNORE_CARRY                                                                  ;
; AUTO_CASCADE_CHAINS    ; ON           ; AUTO_CASCADE                                                                  ;
; IGNORE_CASCADE_BUFFERS ; OFF          ; IGNORE_CASCADE                                                                ;
; LPM_WIDTH              ; 1            ; Signed Integer                                                                ;
; LPM_SIZE               ; 2            ; Signed Integer                                                                ;
; LPM_WIDTHS             ; 1            ; Signed Integer                                                                ;
; LPM_PIPELINE           ; 0            ; Signed Integer                                                                ;
; CBXI_PARAMETER         ; mux_i7e      ; Untyped                                                                       ;
; DEVICE_FAMILY          ; Cyclone IV E ; Untyped                                                                       ;
+------------------------+--------------+-------------------------------------------------------------------------------+
Note: In order to hide this table in the UI and the text report file, please set the "Show Parameter Settings in Synthesis Report" option in "Analysis and Synthesis Settings -> More Settings" to "Off".


+-----------------------------------------------------------------------------------------------------------------------+
; Parameter Settings for User Entity Instance: jugadas_full:inst|Almace2:inst9|lpm_mux0:inst4|LPM_MUX:LPM_MUX_component ;
+------------------------+--------------+-------------------------------------------------------------------------------+
; Parameter Name         ; Value        ; Type                                                                          ;
+------------------------+--------------+-------------------------------------------------------------------------------+
; AUTO_CARRY_CHAINS      ; ON           ; AUTO_CARRY                                                                    ;
; IGNORE_CARRY_BUFFERS   ; OFF          ; IGNORE_CARRY                                                                  ;
; AUTO_CASCADE_CHAINS    ; ON           ; AUTO_CASCADE                                                                  ;
; IGNORE_CASCADE_BUFFERS ; OFF          ; IGNORE_CASCADE                                                                ;
; LPM_WIDTH              ; 1            ; Signed Integer                                                                ;
; LPM_SIZE               ; 2            ; Signed Integer                                                                ;
; LPM_WIDTHS             ; 1            ; Signed Integer                                                                ;
; LPM_PIPELINE           ; 0            ; Signed Integer                                                                ;
; CBXI_PARAMETER         ; mux_i7e      ; Untyped                                                                       ;
; DEVICE_FAMILY          ; Cyclone IV E ; Untyped                                                                       ;
+------------------------+--------------+-------------------------------------------------------------------------------+
Note: In order to hide this table in the UI and the text report file, please set the "Show Parameter Settings in Synthesis Report" option in "Analysis and Synthesis Settings -> More Settings" to "Off".


+-----------------------------------------------------------------------------------------------------------------------+
; Parameter Settings for User Entity Instance: jugadas_full:inst|Almace2:inst9|lpm_mux0:inst3|LPM_MUX:LPM_MUX_component ;
+------------------------+--------------+-------------------------------------------------------------------------------+
; Parameter Name         ; Value        ; Type                                                                          ;
+------------------------+--------------+-------------------------------------------------------------------------------+
; AUTO_CARRY_CHAINS      ; ON           ; AUTO_CARRY                                                                    ;
; IGNORE_CARRY_BUFFERS   ; OFF          ; IGNORE_CARRY                                                                  ;
; AUTO_CASCADE_CHAINS    ; ON           ; AUTO_CASCADE                                                                  ;
; IGNORE_CASCADE_BUFFERS ; OFF          ; IGNORE_CASCADE                                                                ;
; LPM_WIDTH              ; 1            ; Signed Integer                                                                ;
; LPM_SIZE               ; 2            ; Signed Integer                                                                ;
; LPM_WIDTHS             ; 1            ; Signed Integer                                                                ;
; LPM_PIPELINE           ; 0            ; Signed Integer                                                                ;
; CBXI_PARAMETER         ; mux_i7e      ; Untyped                                                                       ;
; DEVICE_FAMILY          ; Cyclone IV E ; Untyped                                                                       ;
+------------------------+--------------+-------------------------------------------------------------------------------+
Note: In order to hide this table in the UI and the text report file, please set the "Show Parameter Settings in Synthesis Report" option in "Analysis and Synthesis Settings -> More Settings" to "Off".


+------------------------------------------------------------------------------------------------------------------------+
; Parameter Settings for User Entity Instance: jugadas_full:inst|Almace2:inst11|lpm_mux0:inst4|LPM_MUX:LPM_MUX_component ;
+------------------------+--------------+--------------------------------------------------------------------------------+
; Parameter Name         ; Value        ; Type                                                                           ;
+------------------------+--------------+--------------------------------------------------------------------------------+
; AUTO_CARRY_CHAINS      ; ON           ; AUTO_CARRY                                                                     ;
; IGNORE_CARRY_BUFFERS   ; OFF          ; IGNORE_CARRY                                                                   ;
; AUTO_CASCADE_CHAINS    ; ON           ; AUTO_CASCADE                                                                   ;
; IGNORE_CASCADE_BUFFERS ; OFF          ; IGNORE_CASCADE                                                                 ;
; LPM_WIDTH              ; 1            ; Signed Integer                                                                 ;
; LPM_SIZE               ; 2            ; Signed Integer                                                                 ;
; LPM_WIDTHS             ; 1            ; Signed Integer                                                                 ;
; LPM_PIPELINE           ; 0            ; Signed Integer                                                                 ;
; CBXI_PARAMETER         ; mux_i7e      ; Untyped                                                                        ;
; DEVICE_FAMILY          ; Cyclone IV E ; Untyped                                                                        ;
+------------------------+--------------+--------------------------------------------------------------------------------+
Note: In order to hide this table in the UI and the text report file, please set the "Show Parameter Settings in Synthesis Report" option in "Analysis and Synthesis Settings -> More Settings" to "Off".


+------------------------------------------------------------------------------------------------------------------------+
; Parameter Settings for User Entity Instance: jugadas_full:inst|Almace2:inst11|lpm_mux0:inst3|LPM_MUX:LPM_MUX_component ;
+------------------------+--------------+--------------------------------------------------------------------------------+
; Parameter Name         ; Value        ; Type                                                                           ;
+------------------------+--------------+--------------------------------------------------------------------------------+
; AUTO_CARRY_CHAINS      ; ON           ; AUTO_CARRY                                                                     ;
; IGNORE_CARRY_BUFFERS   ; OFF          ; IGNORE_CARRY                                                                   ;
; AUTO_CASCADE_CHAINS    ; ON           ; AUTO_CASCADE                                                                   ;
; IGNORE_CASCADE_BUFFERS ; OFF          ; IGNORE_CASCADE                                                                 ;
; LPM_WIDTH              ; 1            ; Signed Integer                                                                 ;
; LPM_SIZE               ; 2            ; Signed Integer                                                                 ;
; LPM_WIDTHS             ; 1            ; Signed Integer                                                                 ;
; LPM_PIPELINE           ; 0            ; Signed Integer                                                                 ;
; CBXI_PARAMETER         ; mux_i7e      ; Untyped                                                                        ;
; DEVICE_FAMILY          ; Cyclone IV E ; Untyped                                                                        ;
+------------------------+--------------+--------------------------------------------------------------------------------+
Note: In order to hide this table in the UI and the text report file, please set the "Show Parameter Settings in Synthesis Report" option in "Analysis and Synthesis Settings -> More Settings" to "Off".


+----------------------------------------------------------------------------------------------------------------------+
; Parameter Settings for User Entity Instance: jugadas_full:inst|lpm_counter0:inst10|lpm_counter:LPM_COUNTER_component ;
+------------------------+--------------+------------------------------------------------------------------------------+
; Parameter Name         ; Value        ; Type                                                                         ;
+------------------------+--------------+------------------------------------------------------------------------------+
; AUTO_CARRY_CHAINS      ; ON           ; AUTO_CARRY                                                                   ;
; IGNORE_CARRY_BUFFERS   ; OFF          ; IGNORE_CARRY                                                                 ;
; AUTO_CASCADE_CHAINS    ; ON           ; AUTO_CASCADE                                                                 ;
; IGNORE_CASCADE_BUFFERS ; OFF          ; IGNORE_CASCADE                                                               ;
; LPM_WIDTH              ; 2            ; Signed Integer                                                               ;
; LPM_DIRECTION          ; UP           ; Untyped                                                                      ;
; LPM_MODULUS            ; 0            ; Untyped                                                                      ;
; LPM_AVALUE             ; UNUSED       ; Untyped                                                                      ;
; LPM_SVALUE             ; UNUSED       ; Untyped                                                                      ;
; LPM_PORT_UPDOWN        ; PORT_UNUSED  ; Untyped                                                                      ;
; DEVICE_FAMILY          ; Cyclone IV E ; Untyped                                                                      ;
; CARRY_CHAIN            ; MANUAL       ; Untyped                                                                      ;
; CARRY_CHAIN_LENGTH     ; 48           ; CARRY_CHAIN_LENGTH                                                           ;
; NOT_GATE_PUSH_BACK     ; ON           ; NOT_GATE_PUSH_BACK                                                           ;
; CARRY_CNT_EN           ; SMART        ; Untyped                                                                      ;
; LABWIDE_SCLR           ; ON           ; Untyped                                                                      ;
; USE_NEW_VERSION        ; TRUE         ; Untyped                                                                      ;
; CBXI_PARAMETER         ; cntr_5mi     ; Untyped                                                                      ;
+------------------------+--------------+------------------------------------------------------------------------------+
Note: In order to hide this table in the UI and the text report file, please set the "Show Parameter Settings in Synthesis Report" option in "Analysis and Synthesis Settings -> More Settings" to "Off".


+-------------------------------+
; Elapsed Time Per Partition    ;
+----------------+--------------+
; Partition Name ; Elapsed Time ;
+----------------+--------------+
; Top            ; 00:00:00     ;
+----------------+--------------+


+-------------------------------+
; Analysis & Synthesis Messages ;
+-------------------------------+
Info: *******************************************************************
Info: Running Quartus II 64-Bit Analysis & Synthesis
    Info: Version 13.0.1 Build 232 06/12/2013 Service Pack 1 SJ Web Edition
    Info: Processing started: Wed Nov 26 22:57:06 2025
Info: Command: quartus_map --read_settings_files=on --write_settings_files=off jugadas -c jugadas
Warning (20028): Parallel compilation is not licensed and has been disabled
Info (12021): Found 1 design units, including 1 entities, in source file jugadas_ganadoras.bdf
    Info (12023): Found entity 1: jugadas_ganadoras
Info (12021): Found 1 design units, including 1 entities, in source file almace2.bdf
    Info (12023): Found entity 1: Almace2
Info (12021): Found 1 design units, including 1 entities, in source file jugadas_full.bdf
    Info (12023): Found entity 1: jugadas_full
Info (12021): Found 1 design units, including 1 entities, in source file bloque_final.bdf
    Info (12023): Found entity 1: Bloque_final
Info (12021): Found 1 design units, including 1 entities, in source file bloque_2.bdf
    Info (12023): Found entity 1: bloque_2
Info (12021): Found 2 design units, including 1 entities, in source file lpm_counter0.vhd
    Info (12022): Found design unit 1: lpm_counter0-SYN
    Info (12023): Found entity 1: lpm_counter0
Info (12021): Found 2 design units, including 1 entities, in source file bus_9bit.vhd
    Info (12022): Found design unit 1: bus_9bit-rtl
    Info (12023): Found entity 1: bus_9bit
Info (12021): Found 1 design units, including 1 entities, in source file prueba_borrar.bdf
    Info (12023): Found entity 1: Prueba_borrar
Info (12127): Elaborating entity "Bloque_final" for the top level hierarchy
Info (12128): Elaborating entity "jugadas_full" for hierarchy "jugadas_full:inst"
Warning (275011): Block or symbol "Almace2" of instance "inst1" overlaps another block or symbol
Info (12128): Elaborating entity "Almace2" for hierarchy "jugadas_full:inst|Almace2:inst1"
Warning (12125): Using design file lpm_mux0.vhd, which is not specified as a design file for the current project, but contains definitions for 2 design units and 1 entities in project
    Info (12022): Found design unit 1: lpm_mux0-SYN
    Info (12023): Found entity 1: lpm_mux0
Info (12128): Elaborating entity "lpm_mux0" for hierarchy "jugadas_full:inst|Almace2:inst1|lpm_mux0:inst4"
Info (12128): Elaborating entity "LPM_MUX" for hierarchy "jugadas_full:inst|Almace2:inst1|lpm_mux0:inst4|LPM_MUX:LPM_MUX_component"
Info (12130): Elaborated megafunction instantiation "jugadas_full:inst|Almace2:inst1|lpm_mux0:inst4|LPM_MUX:LPM_MUX_component"
Info (12133): Instantiated megafunction "jugadas_full:inst|Almace2:inst1|lpm_mux0:inst4|LPM_MUX:LPM_MUX_component" with the following parameter:
    Info (12134): Parameter "LPM_WIDTH" = "1"
    Info (12134): Parameter "LPM_SIZE" = "2"
    Info (12134): Parameter "LPM_WIDTHS" = "1"
    Info (12134): Parameter "LPM_PIPELINE" = "0"
    Info (12134): Parameter "LPM_TYPE" = "LPM_MUX"
    Info (12134): Parameter "LPM_HINT" = "UNUSED"
Info (12021): Found 1 design units, including 1 entities, in source file db/mux_i7e.tdf
    Info (12023): Found entity 1: mux_i7e
Info (12128): Elaborating entity "mux_i7e" for hierarchy "jugadas_full:inst|Almace2:inst1|lpm_mux0:inst4|LPM_MUX:LPM_MUX_component|mux_i7e:auto_generated"
Warning (12125): Using design file demux1a2.vhd, which is not specified as a design file for the current project, but contains definitions for 2 design units and 1 entities in project
    Info (12022): Found design unit 1: demux1a2-rtl
    Info (12023): Found entity 1: demux1a2
Info (12128): Elaborating entity "demux1a2" for hierarchy "jugadas_full:inst|Almace2:inst1|demux1a2:inst15"
Warning (12125): Using design file lpm_decode0.vhd, which is not specified as a design file for the current project, but contains definitions for 2 design units and 1 entities in project
    Info (12022): Found design unit 1: lpm_decode0-SYN
    Info (12023): Found entity 1: lpm_decode0
Info (12128): Elaborating entity "lpm_decode0" for hierarchy "jugadas_full:inst|lpm_decode0:inst"
Info (12128): Elaborating entity "lpm_decode" for hierarchy "jugadas_full:inst|lpm_decode0:inst|lpm_decode:LPM_DECODE_component"
Info (12130): Elaborated megafunction instantiation "jugadas_full:inst|lpm_decode0:inst|lpm_decode:LPM_DECODE_component"
Info (12133): Instantiated megafunction "jugadas_full:inst|lpm_decode0:inst|lpm_decode:LPM_DECODE_component" with the following parameter:
    Info (12134): Parameter "lpm_decodes" = "16"
    Info (12134): Parameter "lpm_type" = "LPM_DECODE"
    Info (12134): Parameter "lpm_width" = "4"
Info (12021): Found 1 design units, including 1 entities, in source file db/decode_ucf.tdf
    Info (12023): Found entity 1: decode_ucf
Info (12128): Elaborating entity "decode_ucf" for hierarchy "jugadas_full:inst|lpm_decode0:inst|lpm_decode:LPM_DECODE_component|decode_ucf:auto_generated"
Info (12128): Elaborating entity "lpm_counter0" for hierarchy "jugadas_full:inst|lpm_counter0:inst10"
Info (12128): Elaborating entity "lpm_counter" for hierarchy "jugadas_full:inst|lpm_counter0:inst10|lpm_counter:LPM_COUNTER_component"
Info (12130): Elaborated megafunction instantiation "jugadas_full:inst|lpm_counter0:inst10|lpm_counter:LPM_COUNTER_component"
Info (12133): Instantiated megafunction "jugadas_full:inst|lpm_counter0:inst10|lpm_counter:LPM_COUNTER_component" with the following parameter:
    Info (12134): Parameter "lpm_direction" = "UP"
    Info (12134): Parameter "lpm_port_updown" = "PORT_UNUSED"
    Info (12134): Parameter "lpm_type" = "LPM_COUNTER"
    Info (12134): Parameter "lpm_width" = "2"
Info (12021): Found 1 design units, including 1 entities, in source file db/cntr_5mi.tdf
    Info (12023): Found entity 1: cntr_5mi
Info (12128): Elaborating entity "cntr_5mi" for hierarchy "jugadas_full:inst|lpm_counter0:inst10|lpm_counter:LPM_COUNTER_component|cntr_5mi:auto_generated"
Info (12128): Elaborating entity "jugadas_ganadoras" for hierarchy "jugadas_ganadoras:inst1"
Info (286030): Timing-Driven Synthesis is running
Info (16010): Generating hard_block partition "hard_block:auto_generated_inst"
    Info (16011): Adding 0 node(s), including 0 DDIO, 0 PLL, 0 transceiver and 0 LCELL
Info (21057): Implemented 115 device resources after synthesis - the final resource count might be different
    Info (21058): Implemented 8 input pins
    Info (21059): Implemented 23 output pins
    Info (21061): Implemented 84 logic cells
Info: Quartus II 64-Bit Analysis & Synthesis was successful. 0 errors, 5 warnings
    Info: Peak virtual memory: 4630 megabytes
    Info: Processing ended: Wed Nov 26 22:57:08 2025
    Info: Elapsed time: 00:00:02
    Info: Total CPU time (on all processors): 00:00:02


