------------------------------------------------------------
TimeQuest Timing Analyzer Summary
------------------------------------------------------------

Type  : Slow 1200mV 100C Model Setup 'inst|altpll_component|auto_generated|pll1|clk[3]'
Slack : 2996.446
TNS   : 0.000

Type  : Slow 1200mV 100C Model Hold 'inst|altpll_component|auto_generated|pll1|clk[3]'
Slack : 0.637
TNS   : 0.000

Type  : Slow 1200mV 100C Model Minimum Pulse Width 'ClkMain'
Slack : 9.891
TNS   : 0.000

Type  : Slow 1200mV 100C Model Minimum Pulse Width 'inst|altpll_component|auto_generated|pll1|clk[3]'
Slack : 1499.424
TNS   : 0.000

Type  : Slow 1200mV -40C Model Setup 'inst|altpll_component|auto_generated|pll1|clk[3]'
Slack : 2996.889
TNS   : 0.000

Type  : Slow 1200mV -40C Model Hold 'inst|altpll_component|auto_generated|pll1|clk[3]'
Slack : 0.563
TNS   : 0.000

Type  : Slow 1200mV -40C Model Minimum Pulse Width 'ClkMain'
Slack : 9.908
TNS   : 0.000

Type  : Slow 1200mV -40C Model Minimum Pulse Width 'inst|altpll_component|auto_generated|pll1|clk[3]'
Slack : 1499.364
TNS   : 0.000

Type  : Fast 1200mV -40C Model Setup 'inst|altpll_component|auto_generated|pll1|clk[3]'
Slack : 2998.360
TNS   : 0.000

Type  : Fast 1200mV -40C Model Hold 'inst|altpll_component|auto_generated|pll1|clk[3]'
Slack : 0.270
TNS   : 0.000

Type  : Fast 1200mV -40C Model Minimum Pulse Width 'ClkMain'
Slack : 9.626
TNS   : 0.000

Type  : Fast 1200mV -40C Model Minimum Pulse Width 'inst|altpll_component|auto_generated|pll1|clk[3]'
Slack : 1499.732
TNS   : 0.000

------------------------------------------------------------
