------------------------------------------------------------
Timing Analyzer Summary
------------------------------------------------------------

Type  : Slow 1200mV 85C Model Setup 'clock'
Slack : -2.624
TNS   : -5.764

Type  : Slow 1200mV 85C Model Setup 'Jugador'
Slack : 0.204
TNS   : 0.000

Type  : Slow 1200mV 85C Model Hold 'Jugador'
Slack : 0.357
TNS   : 0.000

Type  : Slow 1200mV 85C Model Hold 'clock'
Slack : 0.366
TNS   : 0.000

Type  : Slow 1200mV 85C Model Minimum Pulse Width 'clock'
Slack : -3.000
TNS   : -10.000

Type  : Slow 1200mV 85C Model Minimum Pulse Width 'Jugador'
Slack : -3.000
TNS   : -7.000

Type  : Slow 1200mV 0C Model Setup 'clock'
Slack : -2.308
TNS   : -4.637

Type  : Slow 1200mV 0C Model Setup 'Jugador'
Slack : 0.285
TNS   : 0.000

Type  : Slow 1200mV 0C Model Hold 'Jugador'
Slack : 0.311
TNS   : 0.000

Type  : Slow 1200mV 0C Model Hold 'clock'
Slack : 0.331
TNS   : 0.000

Type  : Slow 1200mV 0C Model Minimum Pulse Width 'clock'
Slack : -3.000
TNS   : -10.000

Type  : Slow 1200mV 0C Model Minimum Pulse Width 'Jugador'
Slack : -3.000
TNS   : -7.000

Type  : Fast 1200mV 0C Model Setup 'clock'
Slack : -1.557
TNS   : -2.956

Type  : Fast 1200mV 0C Model Setup 'Jugador'
Slack : 0.554
TNS   : 0.000

Type  : Fast 1200mV 0C Model Hold 'Jugador'
Slack : 0.186
TNS   : 0.000

Type  : Fast 1200mV 0C Model Hold 'clock'
Slack : 0.190
TNS   : 0.000

Type  : Fast 1200mV 0C Model Minimum Pulse Width 'clock'
Slack : -3.000
TNS   : -10.567

Type  : Fast 1200mV 0C Model Minimum Pulse Width 'Jugador'
Slack : -3.000
TNS   : -7.516

------------------------------------------------------------
