Analysis & Synthesis report for MASIVO
Thu Nov 20 16:15:15 2025
Quartus II 64-Bit Version 13.0.1 Build 232 06/12/2013 Service Pack 1 SJ Web Edition


---------------------
; Table of Contents ;
---------------------
  1. Legal Notice
  2. Analysis & Synthesis Summary
  3. Analysis & Synthesis Settings
  4. Parallel Compilation
  5. Analysis & Synthesis Source Files Read
  6. Analysis & Synthesis Resource Usage Summary
  7. Analysis & Synthesis Resource Utilization by Entity
  8. State Machine - |MASIVO|Jugada1:inst1|JugacionMachine:b2v_inst|fstate
  9. State Machine - |MASIVO|ModuloSeleccionJugador:inst|SeleccionJugador:b2v_inst|fstate
 10. General Register Statistics
 11. Multiplexer Restructuring Statistics (Restructuring Performed)
 12. Parameter Settings for User Entity Instance: Jugada1:inst1|Contador_ModN:b2v_inst4
 13. Parameter Settings for User Entity Instance: Jugada1:inst1|Contador_ModN:b2v_inst5
 14. Port Connectivity Checks: "Jugada1:inst1|Contador_ModN:b2v_inst5"
 15. Port Connectivity Checks: "Jugada1:inst1|Contador_ModN:b2v_inst4"
 16. Elapsed Time Per Partition
 17. Analysis & Synthesis Messages



----------------
; Legal Notice ;
----------------
Copyright (C) 1991-2013 Altera Corporation
Your use of Altera Corporation's design tools, logic functions 
and other software and tools, and its AMPP partner logic 
functions, and any output files from any of the foregoing 
(including device programming or simulation files), and any 
associated documentation or information are expressly subject 
to the terms and conditions of the Altera Program License 
Subscription Agreement, Altera MegaCore Function License 
Agreement, or other applicable license agreement, including, 
without limitation, that your use is for the sole purpose of 
programming logic devices manufactured by Altera and sold by 
Altera or its authorized distributors.  Please refer to the 
applicable agreement for further details.



+--------------------------------------------------------------------------------------+
; Analysis & Synthesis Summary                                                         ;
+------------------------------------+-------------------------------------------------+
; Analysis & Synthesis Status        ; Successful - Thu Nov 20 16:15:15 2025           ;
; Quartus II 64-Bit Version          ; 13.0.1 Build 232 06/12/2013 SP 1 SJ Web Edition ;
; Revision Name                      ; MASIVO                                          ;
; Top-level Entity Name              ; MASIVO                                          ;
; Family                             ; Cyclone IV E                                    ;
; Total logic elements               ; 28                                              ;
;     Total combinational functions  ; 28                                              ;
;     Dedicated logic registers      ; 15                                              ;
; Total registers                    ; 15                                              ;
; Total pins                         ; 26                                              ;
; Total virtual pins                 ; 0                                               ;
; Total memory bits                  ; 0                                               ;
; Embedded Multiplier 9-bit elements ; 0                                               ;
; Total PLLs                         ; 0                                               ;
+------------------------------------+-------------------------------------------------+


+----------------------------------------------------------------------------------------------------------------------+
; Analysis & Synthesis Settings                                                                                        ;
+----------------------------------------------------------------------------+--------------------+--------------------+
; Option                                                                     ; Setting            ; Default Value      ;
+----------------------------------------------------------------------------+--------------------+--------------------+
; Device                                                                     ; EP4CE22F17C6       ;                    ;
; Top-level entity name                                                      ; MASIVO             ; MASIVO             ;
; Family name                                                                ; Cyclone IV E       ; Cyclone IV GX      ;
; Use smart compilation                                                      ; Off                ; Off                ;
; Enable parallel Assembler and TimeQuest Timing Analyzer during compilation ; On                 ; On                 ;
; Enable compact report table                                                ; Off                ; Off                ;
; Restructure Multiplexers                                                   ; Auto               ; Auto               ;
; Create Debugging Nodes for IP Cores                                        ; Off                ; Off                ;
; Preserve fewer node names                                                  ; On                 ; On                 ;
; Disable OpenCore Plus hardware evaluation                                  ; Off                ; Off                ;
; Verilog Version                                                            ; Verilog_2001       ; Verilog_2001       ;
; VHDL Version                                                               ; VHDL_1993          ; VHDL_1993          ;
; State Machine Processing                                                   ; Auto               ; Auto               ;
; Safe State Machine                                                         ; Off                ; Off                ;
; Extract Verilog State Machines                                             ; On                 ; On                 ;
; Extract VHDL State Machines                                                ; On                 ; On                 ;
; Ignore Verilog initial constructs                                          ; Off                ; Off                ;
; Iteration limit for constant Verilog loops                                 ; 5000               ; 5000               ;
; Iteration limit for non-constant Verilog loops                             ; 250                ; 250                ;
; Add Pass-Through Logic to Inferred RAMs                                    ; On                 ; On                 ;
; Infer RAMs from Raw Logic                                                  ; On                 ; On                 ;
; Parallel Synthesis                                                         ; On                 ; On                 ;
; DSP Block Balancing                                                        ; Auto               ; Auto               ;
; NOT Gate Push-Back                                                         ; On                 ; On                 ;
; Power-Up Don't Care                                                        ; On                 ; On                 ;
; Remove Redundant Logic Cells                                               ; Off                ; Off                ;
; Remove Duplicate Registers                                                 ; On                 ; On                 ;
; Ignore CARRY Buffers                                                       ; Off                ; Off                ;
; Ignore CASCADE Buffers                                                     ; Off                ; Off                ;
; Ignore GLOBAL Buffers                                                      ; Off                ; Off                ;
; Ignore ROW GLOBAL Buffers                                                  ; Off                ; Off                ;
; Ignore LCELL Buffers                                                       ; Off                ; Off                ;
; Ignore SOFT Buffers                                                        ; On                 ; On                 ;
; Limit AHDL Integers to 32 Bits                                             ; Off                ; Off                ;
; Optimization Technique                                                     ; Balanced           ; Balanced           ;
; Carry Chain Length                                                         ; 70                 ; 70                 ;
; Auto Carry Chains                                                          ; On                 ; On                 ;
; Auto Open-Drain Pins                                                       ; On                 ; On                 ;
; Perform WYSIWYG Primitive Resynthesis                                      ; Off                ; Off                ;
; Auto ROM Replacement                                                       ; On                 ; On                 ;
; Auto RAM Replacement                                                       ; On                 ; On                 ;
; Auto DSP Block Replacement                                                 ; On                 ; On                 ;
; Auto Shift Register Replacement                                            ; Auto               ; Auto               ;
; Allow Shift Register Merging across Hierarchies                            ; Auto               ; Auto               ;
; Auto Clock Enable Replacement                                              ; On                 ; On                 ;
; Strict RAM Replacement                                                     ; Off                ; Off                ;
; Allow Synchronous Control Signals                                          ; On                 ; On                 ;
; Force Use of Synchronous Clear Signals                                     ; Off                ; Off                ;
; Auto RAM Block Balancing                                                   ; On                 ; On                 ;
; Auto RAM to Logic Cell Conversion                                          ; Off                ; Off                ;
; Auto Resource Sharing                                                      ; Off                ; Off                ;
; Allow Any RAM Size For Recognition                                         ; Off                ; Off                ;
; Allow Any ROM Size For Recognition                                         ; Off                ; Off                ;
; Allow Any Shift Register Size For Recognition                              ; Off                ; Off                ;
; Use LogicLock Constraints during Resource Balancing                        ; On                 ; On                 ;
; Ignore translate_off and synthesis_off directives                          ; Off                ; Off                ;
; Timing-Driven Synthesis                                                    ; On                 ; On                 ;
; Report Parameter Settings                                                  ; On                 ; On                 ;
; Report Source Assignments                                                  ; On                 ; On                 ;
; Report Connectivity Checks                                                 ; On                 ; On                 ;
; Ignore Maximum Fan-Out Assignments                                         ; Off                ; Off                ;
; Synchronization Register Chain Length                                      ; 2                  ; 2                  ;
; PowerPlay Power Optimization                                               ; Normal compilation ; Normal compilation ;
; HDL message level                                                          ; Level2             ; Level2             ;
; Suppress Register Optimization Related Messages                            ; Off                ; Off                ;
; Number of Removed Registers Reported in Synthesis Report                   ; 5000               ; 5000               ;
; Number of Swept Nodes Reported in Synthesis Report                         ; 5000               ; 5000               ;
; Number of Inverted Registers Reported in Synthesis Report                  ; 100                ; 100                ;
; Clock MUX Protection                                                       ; On                 ; On                 ;
; Auto Gated Clock Conversion                                                ; Off                ; Off                ;
; Block Design Naming                                                        ; Auto               ; Auto               ;
; SDC constraint protection                                                  ; Off                ; Off                ;
; Synthesis Effort                                                           ; Auto               ; Auto               ;
; Shift Register Replacement - Allow Asynchronous Clear Signal               ; On                 ; On                 ;
; Pre-Mapping Resynthesis Optimization                                       ; Off                ; Off                ;
; Analysis & Synthesis Message Level                                         ; Medium             ; Medium             ;
; Disable Register Merging Across Hierarchies                                ; Auto               ; Auto               ;
; Resource Aware Inference For Block RAM                                     ; On                 ; On                 ;
; Synthesis Seed                                                             ; 1                  ; 1                  ;
+----------------------------------------------------------------------------+--------------------+--------------------+


Parallel compilation was disabled, but you have multiple processors available. Enable parallel compilation to reduce compilation time.
+-------------------------------------+
; Parallel Compilation                ;
+----------------------------+--------+
; Processors                 ; Number ;
+----------------------------+--------+
; Number detected on machine ; 4      ;
; Maximum allowed            ; 1      ;
+----------------------------+--------+


+-----------------------------------------------------------------------------------------------------------------------------------------------------------------------------------------------------+
; Analysis & Synthesis Source Files Read                                                                                                                                                              ;
+------------------------------------------------+-----------------+------------------------------------+-----------------------------------------------------------------------------------+---------+
; File Name with User-Entered Path               ; Used in Netlist ; File Type                          ; File Name with Absolute Path                                                      ; Library ;
+------------------------------------------------+-----------------+------------------------------------+-----------------------------------------------------------------------------------+---------+
; ../Jugada/Jugada1.vhd                          ; yes             ; User VHDL File                     ; C:/Users/Administrador/Desktop/TaTeTi/Jugada/Jugada1.vhd                          ;         ;
; ../SeleccionJugador/SeleccionJugador.vhd       ; yes             ; User VHDL File                     ; C:/Users/Administrador/Desktop/TaTeTi/SeleccionJugador/SeleccionJugador.vhd       ;         ;
; ../Jugada/JugacionMachine.vhd                  ; yes             ; User VHDL File                     ; C:/Users/Administrador/Desktop/TaTeTi/Jugada/JugacionMachine.vhd                  ;         ;
; ../Jugada/Contador_ModN.vhd                    ; yes             ; User VHDL File                     ; C:/Users/Administrador/Desktop/TaTeTi/Jugada/Contador_ModN.vhd                    ;         ;
; ../SeleccionJugador/ModuloSeleccionJugador.vhd ; yes             ; User VHDL File                     ; C:/Users/Administrador/Desktop/TaTeTi/SeleccionJugador/ModuloSeleccionJugador.vhd ;         ;
; MASIVO.bdf                                     ; yes             ; User Block Diagram/Schematic File  ; C:/Users/Administrador/Desktop/TaTeTi/MASIVO/MASIVO.bdf                           ;         ;
+------------------------------------------------+-----------------+------------------------------------+-----------------------------------------------------------------------------------+---------+


+-----------------------------------------------------------+
; Analysis & Synthesis Resource Usage Summary               ;
+---------------------------------------------+-------------+
; Resource                                    ; Usage       ;
+---------------------------------------------+-------------+
; Estimated Total logic elements              ; 28          ;
;                                             ;             ;
; Total combinational functions               ; 28          ;
; Logic element usage by number of LUT inputs ;             ;
;     -- 4 input functions                    ; 14          ;
;     -- 3 input functions                    ; 6           ;
;     -- <=2 input functions                  ; 8           ;
;                                             ;             ;
; Logic elements by mode                      ;             ;
;     -- normal mode                          ; 28          ;
;     -- arithmetic mode                      ; 0           ;
;                                             ;             ;
; Total registers                             ; 15          ;
;     -- Dedicated logic registers            ; 15          ;
;     -- I/O registers                        ; 0           ;
;                                             ;             ;
; I/O pins                                    ; 26          ;
; Embedded Multiplier 9-bit elements          ; 0           ;
; Maximum fan-out node                        ; Reset~input ;
; Maximum fan-out                             ; 23          ;
; Total fan-out                               ; 163         ;
; Average fan-out                             ; 1.72        ;
+---------------------------------------------+-------------+


+------------------------------------------------------------------------------------------------------------------------------------------------------------------------------------------------------------------------------+
; Analysis & Synthesis Resource Utilization by Entity                                                                                                                                                                          ;
+-----------------------------------+-------------------+--------------+-------------+--------------+---------+-----------+------+--------------+---------------------------------------------------------------+--------------+
; Compilation Hierarchy Node        ; LC Combinationals ; LC Registers ; Memory Bits ; DSP Elements ; DSP 9x9 ; DSP 18x18 ; Pins ; Virtual Pins ; Full Hierarchy Name                                           ; Library Name ;
+-----------------------------------+-------------------+--------------+-------------+--------------+---------+-----------+------+--------------+---------------------------------------------------------------+--------------+
; |MASIVO                           ; 28 (0)            ; 15 (0)       ; 0           ; 0            ; 0       ; 0         ; 26   ; 0            ; |MASIVO                                                       ; work         ;
;    |Jugada1:inst1|                ; 18 (0)            ; 11 (0)       ; 0           ; 0            ; 0       ; 0         ; 0    ; 0            ; |MASIVO|Jugada1:inst1                                         ; work         ;
;       |Contador_ModN:b2v_inst4|   ; 2 (2)             ; 2 (2)        ; 0           ; 0            ; 0       ; 0         ; 0    ; 0            ; |MASIVO|Jugada1:inst1|Contador_ModN:b2v_inst4                 ; work         ;
;       |Contador_ModN:b2v_inst5|   ; 2 (2)             ; 2 (2)        ; 0           ; 0            ; 0       ; 0         ; 0    ; 0            ; |MASIVO|Jugada1:inst1|Contador_ModN:b2v_inst5                 ; work         ;
;       |JugacionMachine:b2v_inst|  ; 14 (14)           ; 7 (7)        ; 0           ; 0            ; 0       ; 0         ; 0    ; 0            ; |MASIVO|Jugada1:inst1|JugacionMachine:b2v_inst                ; work         ;
;    |ModuloSeleccionJugador:inst|  ; 10 (0)            ; 4 (0)        ; 0           ; 0            ; 0       ; 0         ; 0    ; 0            ; |MASIVO|ModuloSeleccionJugador:inst                           ; work         ;
;       |SeleccionJugador:b2v_inst| ; 10 (10)           ; 4 (4)        ; 0           ; 0            ; 0       ; 0         ; 0    ; 0            ; |MASIVO|ModuloSeleccionJugador:inst|SeleccionJugador:b2v_inst ; work         ;
+-----------------------------------+-------------------+--------------+-------------+--------------+---------+-----------+------+--------------+---------------------------------------------------------------+--------------+
Note: For table entries with two numbers listed, the numbers in parentheses indicate the number of resources of the given type used by the specific entity alone. The numbers listed outside of parentheses indicate the total resources of the given type used by the specific entity and all of its sub-entities in the hierarchy.


Encoding Type:  One-Hot
+---------------------------------------------------------------------------------------------------------------------------------+
; State Machine - |MASIVO|Jugada1:inst1|JugacionMachine:b2v_inst|fstate                                                           ;
+------------------+----------------+------------------+--------------+--------------+---------------+--------------+-------------+
; Name             ; fstate.CambioJ ; fstate.Verificar ; fstate.Ganar ; fstate.Punto ; fstate.Marcar ; fstate.Error ; fstate.Idle ;
+------------------+----------------+------------------+--------------+--------------+---------------+--------------+-------------+
; fstate.Idle      ; 0              ; 0                ; 0            ; 0            ; 0             ; 0            ; 0           ;
; fstate.Error     ; 0              ; 0                ; 0            ; 0            ; 0             ; 1            ; 1           ;
; fstate.Marcar    ; 0              ; 0                ; 0            ; 0            ; 1             ; 0            ; 1           ;
; fstate.Punto     ; 0              ; 0                ; 0            ; 1            ; 0             ; 0            ; 1           ;
; fstate.Ganar     ; 0              ; 0                ; 1            ; 0            ; 0             ; 0            ; 1           ;
; fstate.Verificar ; 0              ; 1                ; 0            ; 0            ; 0             ; 0            ; 1           ;
; fstate.CambioJ   ; 1              ; 0                ; 0            ; 0            ; 0             ; 0            ; 1           ;
+------------------+----------------+------------------+--------------+--------------+---------------+--------------+-------------+


Encoding Type:  One-Hot
+---------------------------------------------------------------------------------------+
; State Machine - |MASIVO|ModuloSeleccionJugador:inst|SeleccionJugador:b2v_inst|fstate  ;
+-----------------+-----------------+-----------------+----------------+----------------+
; Name            ; fstate.Oscioso1 ; fstate.Oscioso2 ; fstate.JuegaP2 ; fstate.JuegaP1 ;
+-----------------+-----------------+-----------------+----------------+----------------+
; fstate.JuegaP1  ; 0               ; 0               ; 0              ; 0              ;
; fstate.JuegaP2  ; 0               ; 0               ; 1              ; 1              ;
; fstate.Oscioso2 ; 0               ; 1               ; 0              ; 1              ;
; fstate.Oscioso1 ; 1               ; 0               ; 0              ; 1              ;
+-----------------+-----------------+-----------------+----------------+----------------+


+------------------------------------------------------+
; General Register Statistics                          ;
+----------------------------------------------+-------+
; Statistic                                    ; Value ;
+----------------------------------------------+-------+
; Total registers                              ; 15    ;
; Number of registers using Synchronous Clear  ; 5     ;
; Number of registers using Synchronous Load   ; 0     ;
; Number of registers using Asynchronous Clear ; 4     ;
; Number of registers using Asynchronous Load  ; 0     ;
; Number of registers using Clock Enable       ; 0     ;
; Number of registers using Preset             ; 0     ;
+----------------------------------------------+-------+


+----------------------------------------------------------------------------------------------------------------------------------------------------------------------------------------+
; Multiplexer Restructuring Statistics (Restructuring Performed)                                                                                                                         ;
+--------------------+-----------+---------------+----------------------+------------------------+------------+--------------------------------------------------------------------------+
; Multiplexer Inputs ; Bus Width ; Baseline Area ; Area if Restructured ; Saving if Restructured ; Registered ; Example Multiplexer Output                                               ;
+--------------------+-----------+---------------+----------------------+------------------------+------------+--------------------------------------------------------------------------+
; 3:1                ; 2 bits    ; 4 LEs         ; 4 LEs                ; 0 LEs                  ; No         ; |MASIVO|ModuloSeleccionJugador:inst|SeleccionJugador:b2v_inst|reg_fstate ;
+--------------------+-----------+---------------+----------------------+------------------------+------------+--------------------------------------------------------------------------+


+------------------------------------------------------------------------------------+
; Parameter Settings for User Entity Instance: Jugada1:inst1|Contador_ModN:b2v_inst4 ;
+----------------+-------+-----------------------------------------------------------+
; Parameter Name ; Value ; Type                                                      ;
+----------------+-------+-----------------------------------------------------------+
; n              ; 3     ; Signed Integer                                            ;
+----------------+-------+-----------------------------------------------------------+
Note: In order to hide this table in the UI and the text report file, please set the "Show Parameter Settings in Synthesis Report" option in "Analysis and Synthesis Settings -> More Settings" to "Off".


+------------------------------------------------------------------------------------+
; Parameter Settings for User Entity Instance: Jugada1:inst1|Contador_ModN:b2v_inst5 ;
+----------------+-------+-----------------------------------------------------------+
; Parameter Name ; Value ; Type                                                      ;
+----------------+-------+-----------------------------------------------------------+
; n              ; 3     ; Signed Integer                                            ;
+----------------+-------+-----------------------------------------------------------+
Note: In order to hide this table in the UI and the text report file, please set the "Show Parameter Settings in Synthesis Report" option in "Analysis and Synthesis Settings -> More Settings" to "Off".


+-------------------------------------------------------------------+
; Port Connectivity Checks: "Jugada1:inst1|Contador_ModN:b2v_inst5" ;
+--------+-------+----------+---------------------------------------+
; Port   ; Type  ; Severity ; Details                               ;
+--------+-------+----------+---------------------------------------+
; enable ; Input ; Info     ; Stuck at VCC                          ;
+--------+-------+----------+---------------------------------------+


+-------------------------------------------------------------------+
; Port Connectivity Checks: "Jugada1:inst1|Contador_ModN:b2v_inst4" ;
+--------+-------+----------+---------------------------------------+
; Port   ; Type  ; Severity ; Details                               ;
+--------+-------+----------+---------------------------------------+
; enable ; Input ; Info     ; Stuck at VCC                          ;
+--------+-------+----------+---------------------------------------+


+-------------------------------+
; Elapsed Time Per Partition    ;
+----------------+--------------+
; Partition Name ; Elapsed Time ;
+----------------+--------------+
; Top            ; 00:00:00     ;
+----------------+--------------+


+-------------------------------+
; Analysis & Synthesis Messages ;
+-------------------------------+
Info: *******************************************************************
Info: Running Quartus II 64-Bit Analysis & Synthesis
    Info: Version 13.0.1 Build 232 06/12/2013 Service Pack 1 SJ Web Edition
    Info: Processing started: Thu Nov 20 16:15:11 2025
Info: Command: quartus_map --read_settings_files=on --write_settings_files=off MASIVO -c MASIVO
Warning (20028): Parallel compilation is not licensed and has been disabled
Info (12021): Found 2 design units, including 1 entities, in source file /users/administrador/desktop/tateti/jugada/jugada1.vhd
    Info (12022): Found design unit 1: Jugada1-bdf_type
    Info (12023): Found entity 1: Jugada1
Info (12021): Found 2 design units, including 1 entities, in source file /users/administrador/desktop/tateti/seleccionjugador/pruebaseleccion.vhd
    Info (12022): Found design unit 1: PruebaSeleccion-bdf_type
    Info (12023): Found entity 1: PruebaSeleccion
Info (12021): Found 2 design units, including 1 entities, in source file /users/administrador/desktop/tateti/seleccionjugador/seleccionjugador.vhd
    Info (12022): Found design unit 1: SeleccionJugador-BEHAVIOR
    Info (12023): Found entity 1: SeleccionJugador
Info (12021): Found 2 design units, including 1 entities, in source file /users/administrador/desktop/tateti/jugada/jugacionmachine.vhd
    Info (12022): Found design unit 1: JugacionMachine-BEHAVIOR
    Info (12023): Found entity 1: JugacionMachine
Info (12021): Found 2 design units, including 1 entities, in source file /users/administrador/desktop/tateti/jugada/demux_1to2.vhd
    Info (12022): Found design unit 1: DEMUX_1to2-Behavioral
    Info (12023): Found entity 1: DEMUX_1to2
Info (12021): Found 2 design units, including 1 entities, in source file /users/administrador/desktop/tateti/jugada/contador_modn.vhd
    Info (12022): Found design unit 1: Contador_ModN-Behavioral
    Info (12023): Found entity 1: Contador_ModN
Info (12021): Found 2 design units, including 1 entities, in source file /users/administrador/desktop/tateti/seleccionjugador/moduloseleccionjugador.vhd
    Info (12022): Found design unit 1: ModuloSeleccionJugador-bdf_type
    Info (12023): Found entity 1: ModuloSeleccionJugador
Info (12021): Found 1 design units, including 1 entities, in source file /users/administrador/desktop/tateti/jugada/bloquejugada1.bdf
    Info (12023): Found entity 1: BloqueJugada1
Info (12021): Found 1 design units, including 1 entities, in source file masivo.bdf
    Info (12023): Found entity 1: MASIVO
Info (12127): Elaborating entity "MASIVO" for the top level hierarchy
Info (12128): Elaborating entity "ModuloSeleccionJugador" for hierarchy "ModuloSeleccionJugador:inst"
Info (12128): Elaborating entity "SeleccionJugador" for hierarchy "ModuloSeleccionJugador:inst|SeleccionJugador:b2v_inst"
Info (12128): Elaborating entity "Jugada1" for hierarchy "Jugada1:inst1"
Info (12128): Elaborating entity "JugacionMachine" for hierarchy "Jugada1:inst1|JugacionMachine:b2v_inst"
Info (12128): Elaborating entity "Contador_ModN" for hierarchy "Jugada1:inst1|Contador_ModN:b2v_inst4"
Warning (13024): Output pins are stuck at VCC or GND
    Warning (13410): Pin "PuntoP1[3]" is stuck at GND
    Warning (13410): Pin "PuntoP1[2]" is stuck at GND
    Warning (13410): Pin "PuntoP2[3]" is stuck at GND
    Warning (13410): Pin "PuntoP2[2]" is stuck at GND
Info (286030): Timing-Driven Synthesis is running
Info (16010): Generating hard_block partition "hard_block:auto_generated_inst"
    Info (16011): Adding 0 node(s), including 0 DDIO, 0 PLL, 0 transceiver and 0 LCELL
Info (21057): Implemented 54 device resources after synthesis - the final resource count might be different
    Info (21058): Implemented 12 input pins
    Info (21059): Implemented 14 output pins
    Info (21061): Implemented 28 logic cells
Info: Quartus II 64-Bit Analysis & Synthesis was successful. 0 errors, 6 warnings
    Info: Peak virtual memory: 4623 megabytes
    Info: Processing ended: Thu Nov 20 16:15:15 2025
    Info: Elapsed time: 00:00:04
    Info: Total CPU time (on all processors): 00:00:02


